Archive member included to satisfy reference by file (symbol)

/opt/st/stm32cubeide_1.14.0/plugins/com.st.stm32cube.ide.mcu.externaltools.gnu-tools-for-stm32.11.3.rel1.linux64_1.1.100.202309141235/tools/bin/../lib/gcc/arm-none-eabi/11.3.1/../../../../arm-none-eabi/lib/thumb/v7e-m+fp/hard/libc_nano.a(libc_a-exit.o)
                              /opt/st/stm32cubeide_1.14.0/plugins/com.st.stm32cube.ide.mcu.externaltools.gnu-tools-for-stm32.11.3.rel1.linux64_1.1.100.202309141235/tools/bin/../lib/gcc/arm-none-eabi/11.3.1/../../../../arm-none-eabi/lib/thumb/v7e-m+fp/hard/crt0.o (exit)
/opt/st/stm32cubeide_1.14.0/plugins/com.st.stm32cube.ide.mcu.externaltools.gnu-tools-for-stm32.11.3.rel1.linux64_1.1.100.202309141235/tools/bin/../lib/gcc/arm-none-eabi/11.3.1/../../../../arm-none-eabi/lib/thumb/v7e-m+fp/hard/libc_nano.a(libc_a-findfp.o)
                              /opt/st/stm32cubeide_1.14.0/plugins/com.st.stm32cube.ide.mcu.externaltools.gnu-tools-for-stm32.11.3.rel1.linux64_1.1.100.202309141235/tools/bin/../lib/gcc/arm-none-eabi/11.3.1/../../../../arm-none-eabi/lib/thumb/v7e-m+fp/hard/libc_nano.a(libc_a-exit.o) (__stdio_exit_handler)
/opt/st/stm32cubeide_1.14.0/plugins/com.st.stm32cube.ide.mcu.externaltools.gnu-tools-for-stm32.11.3.rel1.linux64_1.1.100.202309141235/tools/bin/../lib/gcc/arm-none-eabi/11.3.1/../../../../arm-none-eabi/lib/thumb/v7e-m+fp/hard/libc_nano.a(libc_a-fwalk.o)
                              /opt/st/stm32cubeide_1.14.0/plugins/com.st.stm32cube.ide.mcu.externaltools.gnu-tools-for-stm32.11.3.rel1.linux64_1.1.100.202309141235/tools/bin/../lib/gcc/arm-none-eabi/11.3.1/../../../../arm-none-eabi/lib/thumb/v7e-m+fp/hard/libc_nano.a(libc_a-findfp.o) (_fwalk_sglue)
/opt/st/stm32cubeide_1.14.0/plugins/com.st.stm32cube.ide.mcu.externaltools.gnu-tools-for-stm32.11.3.rel1.linux64_1.1.100.202309141235/tools/bin/../lib/gcc/arm-none-eabi/11.3.1/../../../../arm-none-eabi/lib/thumb/v7e-m+fp/hard/libc_nano.a(libc_a-stdio.o)
                              /opt/st/stm32cubeide_1.14.0/plugins/com.st.stm32cube.ide.mcu.externaltools.gnu-tools-for-stm32.11.3.rel1.linux64_1.1.100.202309141235/tools/bin/../lib/gcc/arm-none-eabi/11.3.1/../../../../arm-none-eabi/lib/thumb/v7e-m+fp/hard/libc_nano.a(libc_a-findfp.o) (__sread)
/opt/st/stm32cubeide_1.14.0/plugins/com.st.stm32cube.ide.mcu.externaltools.gnu-tools-for-stm32.11.3.rel1.linux64_1.1.100.202309141235/tools/bin/../lib/gcc/arm-none-eabi/11.3.1/../../../../arm-none-eabi/lib/thumb/v7e-m+fp/hard/libc_nano.a(libc_a-memset.o)
                              /opt/st/stm32cubeide_1.14.0/plugins/com.st.stm32cube.ide.mcu.externaltools.gnu-tools-for-stm32.11.3.rel1.linux64_1.1.100.202309141235/tools/bin/../lib/gcc/arm-none-eabi/11.3.1/../../../../arm-none-eabi/lib/thumb/v7e-m+fp/hard/crt0.o (memset)
/opt/st/stm32cubeide_1.14.0/plugins/com.st.stm32cube.ide.mcu.externaltools.gnu-tools-for-stm32.11.3.rel1.linux64_1.1.100.202309141235/tools/bin/../lib/gcc/arm-none-eabi/11.3.1/../../../../arm-none-eabi/lib/thumb/v7e-m+fp/hard/libc_nano.a(libc_a-closer.o)
                              /opt/st/stm32cubeide_1.14.0/plugins/com.st.stm32cube.ide.mcu.externaltools.gnu-tools-for-stm32.11.3.rel1.linux64_1.1.100.202309141235/tools/bin/../lib/gcc/arm-none-eabi/11.3.1/../../../../arm-none-eabi/lib/thumb/v7e-m+fp/hard/libc_nano.a(libc_a-stdio.o) (_close_r)
/opt/st/stm32cubeide_1.14.0/plugins/com.st.stm32cube.ide.mcu.externaltools.gnu-tools-for-stm32.11.3.rel1.linux64_1.1.100.202309141235/tools/bin/../lib/gcc/arm-none-eabi/11.3.1/../../../../arm-none-eabi/lib/thumb/v7e-m+fp/hard/libc_nano.a(libc_a-reent.o)
                              /opt/st/stm32cubeide_1.14.0/plugins/com.st.stm32cube.ide.mcu.externaltools.gnu-tools-for-stm32.11.3.rel1.linux64_1.1.100.202309141235/tools/bin/../lib/gcc/arm-none-eabi/11.3.1/../../../../arm-none-eabi/lib/thumb/v7e-m+fp/hard/libc_nano.a(libc_a-closer.o) (errno)
/opt/st/stm32cubeide_1.14.0/plugins/com.st.stm32cube.ide.mcu.externaltools.gnu-tools-for-stm32.11.3.rel1.linux64_1.1.100.202309141235/tools/bin/../lib/gcc/arm-none-eabi/11.3.1/../../../../arm-none-eabi/lib/thumb/v7e-m+fp/hard/libc_nano.a(libc_a-impure.o)
                              /opt/st/stm32cubeide_1.14.0/plugins/com.st.stm32cube.ide.mcu.externaltools.gnu-tools-for-stm32.11.3.rel1.linux64_1.1.100.202309141235/tools/bin/../lib/gcc/arm-none-eabi/11.3.1/../../../../arm-none-eabi/lib/thumb/v7e-m+fp/hard/libc_nano.a(libc_a-reent.o) (_impure_ptr)
/opt/st/stm32cubeide_1.14.0/plugins/com.st.stm32cube.ide.mcu.externaltools.gnu-tools-for-stm32.11.3.rel1.linux64_1.1.100.202309141235/tools/bin/../lib/gcc/arm-none-eabi/11.3.1/../../../../arm-none-eabi/lib/thumb/v7e-m+fp/hard/libc_nano.a(libc_a-lseekr.o)
                              /opt/st/stm32cubeide_1.14.0/plugins/com.st.stm32cube.ide.mcu.externaltools.gnu-tools-for-stm32.11.3.rel1.linux64_1.1.100.202309141235/tools/bin/../lib/gcc/arm-none-eabi/11.3.1/../../../../arm-none-eabi/lib/thumb/v7e-m+fp/hard/libc_nano.a(libc_a-stdio.o) (_lseek_r)
[...]
Memory Configuration

Name             Origin             Length             Attributes
RAM              0x0000000020000000 0x0000000000020000 xrw
FLASH            0x0000000008000000 0x0000000000080000 xr
*default*        0x0000000000000000 0xffffffffffffffff

Linker script and memory map

LOAD /opt/st/stm32cubeide_1.14.0/plugins/com.st.stm32cube.ide.mcu.externaltools.gnu-tools-for-stm32.11.3.rel1.linux64_1.1.100.202309141235/tools/bin/../lib/gcc/arm-none-eabi/11.3.1/thumb/v7e-m+fp/hard/crti.o
LOAD /opt/st/stm32cubeide_1.14.0/plugins/com.st.stm32cube.ide.mcu.externaltools.gnu-tools-for-stm32.11.3.rel1.linux64_1.1.100.202309141235/tools/bin/../lib/gcc/arm-none-eabi/11.3.1/thumb/v7e-m+fp/hard/crtbegin.o
LOAD /opt/st/stm32cubeide_1.14.0/plugins/com.st.stm32cube.ide.mcu.externaltools.gnu-tools-for-stm32.11.3.rel1.linux64_1.1.100.202309141235/tools/bin/../lib/gcc/arm-none-eabi/11.3.1/../../../../arm-none-eabi/lib/thumb/v7e-m+fp/hard/crt0.o
LOAD ./Src/clock_setup.o
LOAD ./Src/led.o
LOAD ./Src/main.o
LOAD ./Src/port.o
LOAD ./Src/syscalls.o
LOAD ./Src/sysmem.o
LOAD ./Src/timebase.o
LOAD ./Src/uart.o
LOAD ./Startup/startup_stm32f446retx.o
START GROUP
LOAD /opt/st/stm32cubeide_1.14.0/plugins/com.st.stm32cube.ide.mcu.externaltools.gnu-tools-for-stm32.11.3.rel1.linux64_1.1.100.202309141235/tools/bin/../lib/gcc/arm-none-eabi/11.3.1/../../../../arm-none-eabi/lib/thumb/v7e-m+fp/hard/libc_nano.a
LOAD /opt/st/stm32cubeide_1.14.0/plugins/com.st.stm32cube.ide.mcu.externaltools.gnu-tools-for-stm32.11.3.rel1.linux64_1.1.100.202309141235/tools/bin/../lib/gcc/arm-none-eabi/11.3.1/../../../../arm-none-eabi/lib/thumb/v7e-m+fp/hard/libm.a
END GROUP
START GROUP
LOAD /opt/st/stm32cubeide_1.14.0/plugins/com.st.stm32cube.ide.mcu.externaltools.gnu-tools-for-stm32.11.3.rel1.linux64_1.1.100.202309141235/tools/bin/../lib/gcc/arm-none-eabi/11.3.1/thumb/v7e-m+fp/hard/libgcc.a
LOAD /opt/st/stm32cubeide_1.14.0/plugins/com.st.stm32cube.ide.mcu.externaltools.gnu-tools-for-stm32.11.3.rel1.linux64_1.1.100.202309141235/tools/bin/../lib/gcc/arm-none-eabi/11.3.1/../../../../arm-none-eabi/lib/thumb/v7e-m+fp/hard/libc_nano.a
END GROUP
START GROUP
LOAD /opt/st/stm32cubeide_1.14.0/plugins/com.st.stm32cube.ide.mcu.externaltools.gnu-tools-for-stm32.11.3.rel1.linux64_1.1.100.202309141235/tools/bin/../lib/gcc/arm-none-eabi/11.3.1/thumb/v7e-m+fp/hard/libgcc.a
LOAD /opt/st/stm32cubeide_1.14.0/plugins/com.st.stm32cube.ide.mcu.externaltools.gnu-tools-for-stm32.11.3.rel1.linux64_1.1.100.202309141235/tools/bin/../lib/gcc/arm-none-eabi/11.3.1/../../../../arm-none-eabi/lib/thumb/v7e-m+fp/hard/libc_nano.a
LOAD /opt/st/stm32cubeide_1.14.0/plugins/com.st.stm32cube.ide.mcu.externaltools.gnu-tools-for-stm32.11.3.rel1.linux64_1.1.100.202309141235/tools/bin/../lib/gcc/arm-none-eabi/11.3.1/../../../../arm-none-eabi/lib/thumb/v7e-m+fp/hard/libnosys.a
END GROUP
START GROUP
LOAD /opt/st/stm32cubeide_1.14.0/plugins/com.st.stm32cube.ide.mcu.externaltools.gnu-tools-for-stm32.11.3.rel1.linux64_1.1.100.202309141235/tools/bin/../lib/gcc/arm-none-eabi/11.3.1/thumb/v7e-m+fp/hard/libgcc.a
LOAD /opt/st/stm32cubeide_1.14.0/plugins/com.st.stm32cube.ide.mcu.externaltools.gnu-tools-for-stm32.11.3.rel1.linux64_1.1.100.202309141235/tools/bin/../lib/gcc/arm-none-eabi/11.3.1/../../../../arm-none-eabi/lib/thumb/v7e-m+fp/hard/libc_nano.a
LOAD /opt/st/stm32cubeide_1.14.0/plugins/com.st.stm32cube.ide.mcu.externaltools.gnu-tools-for-stm32.11.3.rel1.linux64_1.1.100.202309141235/tools/bin/../lib/gcc/arm-none-eabi/11.3.1/../../../../arm-none-eabi/lib/thumb/v7e-m+fp/hard/libnosys.a
END GROUP
LOAD /opt/st/stm32cubeide_1.14.0/plugins/com.st.stm32cube.ide.mcu.externaltools.gnu-tools-for-stm32.11.3.rel1.linux64_1.1.100.202309141235/tools/bin/../lib/gcc/arm-none-eabi/11.3.1/thumb/v7e-m+fp/hard/crtend.o
LOAD /opt/st/stm32cubeide_1.14.0/plugins/com.st.stm32cube.ide.mcu.externaltools.gnu-tools-for-stm32.11.3.rel1.linux64_1.1.100.202309141235/tools/bin/../lib/gcc/arm-none-eabi/11.3.1/thumb/v7e-m+fp/hard/crtn.o
                0x0000000020020000                _estack = (ORIGIN (RAM) + LENGTH (RAM))
                0x0000000000000200                _Min_Heap_Size = 0x200
                0x0000000000000400                _Min_Stack_Size = 0x400

.isr_vector     0x0000000008000000      0x1c4
                0x0000000008000000                . = ALIGN (0x4)
 *(.isr_vector)
 .isr_vector    0x0000000008000000      0x1c4 ./Startup/startup_stm32f446retx.o
                0x0000000008000000                g_pfnVectors
                0x00000000080001c4                . = ALIGN (0x4)

.text           0x00000000080001c4      0x690
                0x00000000080001c4                . = ALIGN (0x4)
 *(.text)
 .text          0x00000000080001c4       0x40 /opt/st/stm32cubeide_1.14.0/plugins/com.st.stm32cube.ide.mcu.externaltools.gnu-tools-for-stm32.11.3.rel1.linux64_1.1.100.202309141235/tools/bin/../lib/gcc/arm-none-eabi/11.3.1/thumb/v7e-m+fp/hard/crtbegin.o
 *(.text*)
 .text.clock_config
                0x0000000008000204       0xdc ./Src/clock_setup.o
                0x0000000008000204                clock_config
 .text.main     0x00000000080002e0       0x58 ./Src/main.o
                0x00000000080002e0                main
 .text._port_init
                0x0000000008000338       0x84 ./Src/port.o
                0x0000000008000338                _port_init
 .text.write_address
                0x00000000080003bc       0x20 ./Src/port.o
                0x00000000080003bc                write_address
 .text.read_eeprom
                0x00000000080003dc       0x5c ./Src/port.o
                0x00000000080003dc                read_eeprom
 .text.write_eeprom
                0x0000000008000438       0x20 ./Src/port.o
                0x0000000008000438                write_eeprom
 .text.we_pulse
                0x0000000008000458       0x54 ./Src/port.o
                0x0000000008000458                we_pulse
 .text.disable_SDK
                0x00000000080004ac       0xa4 ./Src/port.o
                0x00000000080004ac                disable_SDK
 .text.tick_increment
                0x0000000008000550       0x24 ./Src/timebase.o
                0x0000000008000550                tick_increment
 .text.get_tick
                0x0000000008000574       0x2c ./Src/timebase.o
                0x0000000008000574                get_tick
 .text.delay    0x00000000080005a0       0x44 ./Src/timebase.o
                0x00000000080005a0                delay
 .text.delay_ns
                0x00000000080005e4       0x48 ./Src/timebase.o
                0x00000000080005e4                delay_ns
 .text.timebase_init
                0x000000000800062c       0x44 ./Src/timebase.o
                0x000000000800062c                timebase_init
 .text.SysTick_Handler
                0x0000000008000670        0xc ./Src/timebase.o
                0x0000000008000670                SysTick_Handler
 .text.putchar  0x000000000800067c       0x18 ./Src/uart.o
                0x000000000800067c                putchar
 .text._uart_tx_init
                0x0000000008000694       0x94 ./Src/uart.o
                0x0000000008000694                _uart_tx_init
 .text.uart_write
                0x0000000008000728       0x28 ./Src/uart.o
 .text._compute_uart_bd
                0x0000000008000750       0x26 ./Src/uart.o
 *fill*         0x0000000008000776        0x2 
 .text.uart_set_baudrate
                0x0000000008000778       0x28 ./Src/uart.o
 .text.Reset_Handler
                0x00000000080007a0       0x50 ./Startup/startup_stm32f446retx.o
                0x00000000080007a0                Reset_Handler
 .text.Default_Handler
                0x00000000080007f0        0x2 ./Startup/startup_stm32f446retx.o
                0x00000000080007f0                RTC_Alarm_IRQHandler
                0x00000000080007f0                EXTI2_IRQHandler
                0x00000000080007f0                TIM8_CC_IRQHandler
                0x00000000080007f0                SPDIF_Rx_IRQHandler
                0x00000000080007f0                DebugMon_Handler
                0x00000000080007f0                SPI4_IRQHandler
                0x00000000080007f0                TIM1_CC_IRQHandler
                0x00000000080007f0                QuadSPI_IRQHandler
                0x00000000080007f0                DMA2_Stream5_IRQHandler
                0x00000000080007f0                HardFault_Handler
                0x00000000080007f0                DMA1_Stream5_IRQHandler
                0x00000000080007f0                PVD_IRQHandler
                0x00000000080007f0                SDIO_IRQHandler
                0x00000000080007f0                TAMP_STAMP_IRQHandler
                0x00000000080007f0                PendSV_Handler
                0x00000000080007f0                NMI_Handler
                0x00000000080007f0                CAN2_RX1_IRQHandler
                0x00000000080007f0                EXTI3_IRQHandler
                0x00000000080007f0                TIM8_TRG_COM_TIM14_IRQHandler
                0x00000000080007f0                TIM1_UP_TIM10_IRQHandler
                0x00000000080007f0                FMPI2C1_error_IRQHandler
                0x00000000080007f0                TIM8_UP_TIM13_IRQHandler
                0x00000000080007f0                I2C3_ER_IRQHandler
                0x00000000080007f0                EXTI0_IRQHandler
                0x00000000080007f0                I2C2_EV_IRQHandler
                0x00000000080007f0                DMA1_Stream2_IRQHandler
                0x00000000080007f0                CAN1_RX0_IRQHandler
                0x00000000080007f0                OTG_HS_WKUP_IRQHandler
                0x00000000080007f0                UsageFault_Handler
                0x00000000080007f0                CAN2_SCE_IRQHandler
                0x00000000080007f0                DMA2_Stream2_IRQHandler
                0x00000000080007f0                SPI1_IRQHandler
                0x00000000080007f0                TIM6_DAC_IRQHandler
                0x00000000080007f0                TIM1_BRK_TIM9_IRQHandler
                0x00000000080007f0                DCMI_IRQHandler
                0x00000000080007f0                CAN2_RX0_IRQHandler
                0x00000000080007f0                DMA2_Stream3_IRQHandler
                0x00000000080007f0                FMPI2C1_IRQHandler
                0x00000000080007f0                SAI2_IRQHandler
                0x00000000080007f0                USART6_IRQHandler
                0x00000000080007f0                USART3_IRQHandler
                0x00000000080007f0                CAN1_RX1_IRQHandler
                0x00000000080007f0                UART5_IRQHandler
                0x00000000080007f0                DMA2_Stream0_IRQHandler
                0x00000000080007f0                TIM4_IRQHandler
                0x00000000080007f0                I2C1_EV_IRQHandler
                0x00000000080007f0                HDMI_CEC_IRQHandler
                0x00000000080007f0                DMA1_Stream6_IRQHandler
                0x00000000080007f0                DMA1_Stream1_IRQHandler
                0x00000000080007f0                UART4_IRQHandler
                0x00000000080007f0                TIM3_IRQHandler
                0x00000000080007f0                RCC_IRQHandler
                0x00000000080007f0                TIM8_BRK_TIM12_IRQHandler
                0x00000000080007f0                Default_Handler
                0x00000000080007f0                EXTI15_10_IRQHandler
                0x00000000080007f0                ADC_IRQHandler
                0x00000000080007f0                DMA1_Stream7_IRQHandler
                0x00000000080007f0                TIM7_IRQHandler
                0x00000000080007f0                CAN2_TX_IRQHandler
                0x00000000080007f0                TIM5_IRQHandler
                0x00000000080007f0                DMA2_Stream7_IRQHandler
                0x00000000080007f0                I2C3_EV_IRQHandler
                0x00000000080007f0                EXTI9_5_IRQHandler
                0x00000000080007f0                RTC_WKUP_IRQHandler
                0x00000000080007f0                SPI2_IRQHandler
                0x00000000080007f0                OTG_HS_EP1_IN_IRQHandler
                0x00000000080007f0                MemManage_Handler
                0x00000000080007f0                DMA1_Stream0_IRQHandler
                0x00000000080007f0                CAN1_TX_IRQHandler
                0x00000000080007f0                SVC_Handler
                0x00000000080007f0                EXTI4_IRQHandler
                0x00000000080007f0                OTG_HS_EP1_OUT_IRQHandler
                0x00000000080007f0                WWDG_IRQHandler
                0x00000000080007f0                TIM2_IRQHandler
                0x00000000080007f0                OTG_FS_WKUP_IRQHandler
                0x00000000080007f0                TIM1_TRG_COM_TIM11_IRQHandler
                0x00000000080007f0                OTG_HS_IRQHandler
                0x00000000080007f0                EXTI1_IRQHandler
                0x00000000080007f0                USART2_IRQHandler
                0x00000000080007f0                I2C2_ER_IRQHandler
                0x00000000080007f0                DMA2_Stream1_IRQHandler
                0x00000000080007f0                CAN1_SCE_IRQHandler
                0x00000000080007f0                FLASH_IRQHandler
                0x00000000080007f0                DMA2_Stream4_IRQHandler
                0x00000000080007f0                BusFault_Handler
                0x00000000080007f0                USART1_IRQHandler
                0x00000000080007f0                OTG_FS_IRQHandler
                0x00000000080007f0                SPI3_IRQHandler
                0x00000000080007f0                DMA1_Stream4_IRQHandler
                0x00000000080007f0                I2C1_ER_IRQHandler
                0x00000000080007f0                FMC_IRQHandler
                0x00000000080007f0                DMA2_Stream6_IRQHandler
                0x00000000080007f0                SAI1_IRQHandler
                0x00000000080007f0                DMA1_Stream3_IRQHandler
 *fill*         0x00000000080007f2        0x2 
 .text.__libc_init_array
                0x00000000080007f4       0x48 /opt/st/stm32cubeide_1.14.0/plugins/com.st.stm32cube.ide.mcu.externaltools.gnu-tools-for-stm32.11.3.rel1.linux64_1.1.100.202309141235/tools/bin/../lib/gcc/arm-none-eabi/11.3.1/../../../../arm-none-eabi/lib/thumb/v7e-m+fp/hard/libc_nano.a(libc_a-init.o)
                0x00000000080007f4                __libc_init_array
 *(.glue_7)
 .glue_7        0x000000000800083c        0x0 linker stubs
 *(.glue_7t)
 .glue_7t       0x000000000800083c        0x0 linker stubs
 *(.eh_frame)
 .eh_frame      0x000000000800083c        0x0 /opt/st/stm32cubeide_1.14.0/plugins/com.st.stm32cube.ide.mcu.externaltools.gnu-tools-for-stm32.11.3.rel1.linux64_1.1.100.202309141235/tools/bin/../lib/gcc/arm-none-eabi/11.3.1/thumb/v7e-m+fp/hard/crtbegin.o
 *(.init)
 .init          0x000000000800083c        0x4 /opt/st/stm32cubeide_1.14.0/plugins/com.st.stm32cube.ide.mcu.externaltools.gnu-tools-for-stm32.11.3.rel1.linux64_1.1.100.202309141235/tools/bin/../lib/gcc/arm-none-eabi/11.3.1/thumb/v7e-m+fp/hard/crti.o
                0x000000000800083c                _init
 .init          0x0000000008000840        0x8 /opt/st/stm32cubeide_1.14.0/plugins/com.st.stm32cube.ide.mcu.externaltools.gnu-tools-for-stm32.11.3.rel1.linux64_1.1.100.202309141235/tools/bin/../lib/gcc/arm-none-eabi/11.3.1/thumb/v7e-m+fp/hard/crtn.o
 *(.fini)
 .fini          0x0000000008000848        0x4 /opt/st/stm32cubeide_1.14.0/plugins/com.st.stm32cube.ide.mcu.externaltools.gnu-tools-for-stm32.11.3.rel1.linux64_1.1.100.202309141235/tools/bin/../lib/gcc/arm-none-eabi/11.3.1/thumb/v7e-m+fp/hard/crti.o
                0x0000000008000848                _fini
 .fini          0x000000000800084c        0x8 /opt/st/stm32cubeide_1.14.0/plugins/com.st.stm32cube.ide.mcu.externaltools.gnu-tools-for-stm32.11.3.rel1.linux64_1.1.100.202309141235/tools/bin/../lib/gcc/arm-none-eabi/11.3.1/thumb/v7e-m+fp/hard/crtn.o
                0x0000000008000854                . = ALIGN (0x4)
                0x0000000008000854                _etext = .

.vfp11_veneer   0x0000000008000854        0x0
 .vfp11_veneer  0x0000000008000854        0x0 linker stubs

.v4_bx          0x0000000008000854        0x0
 .v4_bx         0x0000000008000854        0x0 linker stubs

.iplt           0x0000000008000854        0x0
 .iplt          0x0000000008000854        0x0 /opt/st/stm32cubeide_1.14.0/plugins/com.st.stm32cube.ide.mcu.externaltools.gnu-tools-for-stm32.11.3.rel1.linux64_1.1.100.202309141235/tools/bin/../lib/gcc/arm-none-eabi/11.3.1/thumb/v7e-m+fp/hard/crtbegin.o

.rel.dyn        0x0000000008000854        0x0
 .rel.iplt      0x0000000008000854        0x0 /opt/st/stm32cubeide_1.14.0/plugins/com.st.stm32cube.ide.mcu.externaltools.gnu-tools-for-stm32.11.3.rel1.linux64_1.1.100.202309141235/tools/bin/../lib/gcc/arm-none-eabi/11.3.1/thumb/v7e-m+fp/hard/crtbegin.o

.rodata         0x0000000008000854        0x0
                0x0000000008000854                . = ALIGN (0x4)
 *(.rodata)
 *(.rodata*)
                0x0000000008000854                . = ALIGN (0x4)

.ARM.extab      0x0000000008000854        0x0
                0x0000000008000854                . = ALIGN (0x4)
 *(.ARM.extab* .gnu.linkonce.armextab.*)
                0x0000000008000854                . = ALIGN (0x4)

.ARM            0x0000000008000854        0x0
                0x0000000008000854                . = ALIGN (0x4)
                0x0000000008000854                __exidx_start = .
 *(.ARM.exidx*)
                0x0000000008000854                __exidx_end = .
                0x0000000008000854                . = ALIGN (0x4)

.preinit_array  0x0000000008000854        0x0
                0x0000000008000854                . = ALIGN (0x4)
                0x0000000008000854                PROVIDE (__preinit_array_start = .)
 *(.preinit_array*)
                0x0000000008000854                PROVIDE (__preinit_array_end = .)
                0x0000000008000854                . = ALIGN (0x4)

.init_array     0x0000000008000854        0x4
                0x0000000008000854                . = ALIGN (0x4)
                0x0000000008000854                PROVIDE (__init_array_start = .)
 *(SORT_BY_NAME(.init_array.*))
 *(.init_array*)
 .init_array    0x0000000008000854        0x4 /opt/st/stm32cubeide_1.14.0/plugins/com.st.stm32cube.ide.mcu.externaltools.gnu-tools-for-stm32.11.3.rel1.linux64_1.1.100.202309141235/tools/bin/../lib/gcc/arm-none-eabi/11.3.1/thumb/v7e-m+fp/hard/crtbegin.o
                0x0000000008000858                PROVIDE (__init_array_end = .)
                0x0000000008000858                . = ALIGN (0x4)

.fini_array     0x0000000008000858        0x4
                0x0000000008000858                . = ALIGN (0x4)
                [!provide]                        PROVIDE (__fini_array_start = .)
 *(SORT_BY_NAME(.fini_array.*))
 *(.fini_array*)
 .fini_array    0x0000000008000858        0x4 /opt/st/stm32cubeide_1.14.0/plugins/com.st.stm32cube.ide.mcu.externaltools.gnu-tools-for-stm32.11.3.rel1.linux64_1.1.100.202309141235/tools/bin/../lib/gcc/arm-none-eabi/11.3.1/thumb/v7e-m+fp/hard/crtbegin.o
                [!provide]                        PROVIDE (__fini_array_end = .)
                0x000000000800085c                . = ALIGN (0x4)
                0x000000000800085c                _sidata = LOADADDR (.data)

.data           0x0000000020000000        0x4 load address 0x000000000800085c
                0x0000000020000000                . = ALIGN (0x4)
                0x0000000020000000                _sdata = .
 *(.data)
 *(.data*)
 .data.tick_freq
                0x0000000020000000        0x4 ./Src/timebase.o
                0x0000000020000000                tick_freq
 *(.RamFunc)
 *(.RamFunc*)
                0x0000000020000004                . = ALIGN (0x4)
                0x0000000020000004                _edata = .

.igot.plt       0x0000000020000004        0x0 load address 0x0000000008000860
 .igot.plt      0x0000000020000004        0x0 /opt/st/stm32cubeide_1.14.0/plugins/com.st.stm32cube.ide.mcu.externaltools.gnu-tools-for-stm32.11.3.rel1.linux64_1.1.100.202309141235/tools/bin/../lib/gcc/arm-none-eabi/11.3.1/thumb/v7e-m+fp/hard/crtbegin.o
                0x0000000020000004                . = ALIGN (0x4)

.bss            0x0000000020000004       0x24 load address 0x0000000008000860
                0x0000000020000004                _sbss = .
                0x0000000020000004                __bss_start__ = _sbss
 *(.bss)
 .bss           0x0000000020000004       0x1c /opt/st/stm32cubeide_1.14.0/plugins/com.st.stm32cube.ide.mcu.externaltools.gnu-tools-for-stm32.11.3.rel1.linux64_1.1.100.202309141235/tools/bin/../lib/gcc/arm-none-eabi/11.3.1/thumb/v7e-m+fp/hard/crtbegin.o
 *(.bss*)
 .bss.g_curr_tick
                0x0000000020000020        0x4 ./Src/timebase.o
                0x0000000020000020                g_curr_tick
 .bss.g_curr_tick_p
                0x0000000020000024        0x4 ./Src/timebase.o
                0x0000000020000024                g_curr_tick_p
 *(COMMON)
                0x0000000020000028                . = ALIGN (0x4)
                0x0000000020000028                _ebss = .
                0x0000000020000028                __bss_end__ = _ebss

._user_heap_stack
                0x0000000020000028      0x600 load address 0x0000000008000860
                0x0000000020000028                . = ALIGN (0x8)
                [!provide]                        PROVIDE (end = .)
                0x0000000020000028                PROVIDE (_end = .)
                0x0000000020000228                . = (. + _Min_Heap_Size)
 *fill*         0x0000000020000028      0x200 
                0x0000000020000628                . = (. + _Min_Stack_Size)
 *fill*         0x0000000020000228      0x400 
                0x0000000020000628                . = ALIGN (0x8)

/DISCARD/
 libc.a(*)
 libm.a(*)
 libgcc.a(*)

.ARM.attributes
                0x0000000000000000       0x30
 *(.ARM.attributes)
 .ARM.attributes
                0x0000000000000000       0x1e /opt/st/stm32cubeide_1.14.0/plugins/com.st.stm32cube.ide.mcu.externaltools.gnu-tools-for-stm32.11.3.rel1.linux64_1.1.100.202309141235/tools/bin/../lib/gcc/arm-none-eabi/11.3.1/thumb/v7e-m+fp/hard/crti.o
 .ARM.attributes
                0x000000000000001e       0x34 /opt/st/stm32cubeide_1.14.0/plugins/com.st.stm32cube.ide.mcu.externaltools.gnu-tools-for-stm32.11.3.rel1.linux64_1.1.100.202309141235/tools/bin/../lib/gcc/arm-none-eabi/11.3.1/thumb/v7e-m+fp/hard/crtbegin.o
 .ARM.attributes
                0x0000000000000052       0x34 ./Src/clock_setup.o
 .ARM.attributes
                0x0000000000000086       0x34 ./Src/main.o
 .ARM.attributes
                0x00000000000000ba       0x34 ./Src/port.o
 .ARM.attributes
                0x00000000000000ee       0x34 ./Src/timebase.o
 .ARM.attributes
                0x0000000000000122       0x34 ./Src/uart.o
 .ARM.attributes
                0x0000000000000156       0x21 ./Startup/startup_stm32f446retx.o
 .ARM.attributes
                0x0000000000000177       0x34 /opt/st/stm32cubeide_1.14.0/plugins/com.st.stm32cube.ide.mcu.externaltools.gnu-tools-for-stm32.11.3.rel1.linux64_1.1.100.202309141235/tools/bin/../lib/gcc/arm-none-eabi/11.3.1/../../../../arm-none-eabi/lib/thumb/v7e-m+fp/hard/libc_nano.a(libc_a-init.o)
 .ARM.attributes
                0x00000000000001ab       0x1e /opt/st/stm32cubeide_1.14.0/plugins/com.st.stm32cube.ide.mcu.externaltools.gnu-tools-for-stm32.11.3.rel1.linux64_1.1.100.202309141235/tools/bin/../lib/gcc/arm-none-eabi/11.3.1/thumb/v7e-m+fp/hard/crtn.o
OUTPUT(6_PortB_manipulation.elf elf32-littlearm)
LOAD linker stubs
LOAD /opt/st/stm32cubeide_1.14.0/plugins/com.st.stm32cube.ide.mcu.externaltools.gnu-tools-for-stm32.11.3.rel1.linux64_1.1.100.202309141235/tools/bin/../lib/gcc/arm-none-eabi/11.3.1/../../../../arm-none-eabi/lib/thumb/v7e-m+fp/hard/libc.a
LOAD /opt/st/stm32cubeide_1.14.0/plugins/com.st.stm32cube.ide.mcu.externaltools.gnu-tools-for-stm32.11.3.rel1.linux64_1.1.100.202309141235/tools/bin/../lib/gcc/arm-none-eabi/11.3.1/../../../../arm-none-eabi/lib/thumb/v7e-m+fp/hard/libm.a
LOAD /opt/st/stm32cubeide_1.14.0/plugins/com.st.stm32cube.ide.mcu.externaltools.gnu-tools-for-stm32.11.3.rel1.linux64_1.1.100.202309141235/tools/bin/../lib/gcc/arm-none-eabi/11.3.1/thumb/v7e-m+fp/hard/libgcc.a

.comment        0x0000000000000000       0x43
 .comment       0x0000000000000000       0x43 /opt/st/stm32cubeide_1.14.0/plugins/com.st.stm32cube.ide.mcu.externaltools.gnu-tools-for-stm32.11.3.rel1.linux64_1.1.100.202309141235/tools/bin/../lib/gcc/arm-none-eabi/11.3.1/thumb/v7e-m+fp/hard/crtbegin.o
                                         0x44 (size before relaxing)
 .comment       0x0000000000000043       0x44 ./Src/clock_setup.o
 .comment       0x0000000000000043       0x44 ./Src/main.o
 .comment       0x0000000000000043       0x44 ./Src/port.o
 .comment       0x0000000000000043       0x44 ./Src/timebase.o
 .comment       0x0000000000000043       0x44 ./Src/uart.o

.debug_info     0x0000000000000000      0xe7c
 .debug_info    0x0000000000000000      0x2ec ./Src/clock_setup.o
 .debug_info    0x00000000000002ec      0x150 ./Src/main.o
 .debug_info    0x000000000000043c      0x3ca ./Src/port.o
 .debug_info    0x0000000000000806      0x235 ./Src/timebase.o
 .debug_info    0x0000000000000a3b      0x41e ./Src/uart.o
 .debug_info    0x0000000000000e59       0x23 ./Startup/startup_stm32f446retx.o

.debug_abbrev   0x0000000000000000      0x5cd
 .debug_abbrev  0x0000000000000000       0xb5 ./Src/clock_setup.o
 .debug_abbrev  0x00000000000000b5       0xed ./Src/main.o
 .debug_abbrev  0x00000000000001a2      0x165 ./Src/port.o
 .debug_abbrev  0x0000000000000307      0x172 ./Src/timebase.o
 .debug_abbrev  0x0000000000000479      0x142 ./Src/uart.o
 .debug_abbrev  0x00000000000005bb       0x12 ./Startup/startup_stm32f446retx.o

.debug_aranges  0x0000000000000000      0x138
 .debug_aranges
                0x0000000000000000       0x20 ./Src/clock_setup.o
 .debug_aranges
                0x0000000000000020       0x20 ./Src/main.o
 .debug_aranges
                0x0000000000000040       0x48 ./Src/port.o
 .debug_aranges
                0x0000000000000088       0x48 ./Src/timebase.o
 .debug_aranges
                0x00000000000000d0       0x40 ./Src/uart.o
 .debug_aranges
                0x0000000000000110       0x28 ./Startup/startup_stm32f446retx.o

.debug_rnglists
                0x0000000000000000       0xd0
 .debug_rnglists
                0x0000000000000000       0x14 ./Src/clock_setup.o
 .debug_rnglists
                0x0000000000000014       0x13 ./Src/main.o
 .debug_rnglists
                0x0000000000000027       0x33 ./Src/port.o
 .debug_rnglists
                0x000000000000005a       0x31 ./Src/timebase.o
 .debug_rnglists
                0x000000000000008b       0x2c ./Src/uart.o
 .debug_rnglists
                0x00000000000000b7       0x19 ./Startup/startup_stm32f446retx.o

.debug_macro    0x0000000000000000    0x19b91
 .debug_macro   0x0000000000000000       0xea ./Src/clock_setup.o
 .debug_macro   0x00000000000000ea      0xa9c ./Src/clock_setup.o
 .debug_macro   0x0000000000000b86       0x2e ./Src/clock_setup.o
 .debug_macro   0x0000000000000bb4       0x28 ./Src/clock_setup.o
 .debug_macro   0x0000000000000bdc       0x22 ./Src/clock_setup.o
 .debug_macro   0x0000000000000bfe       0x8e ./Src/clock_setup.o
 .debug_macro   0x0000000000000c8c       0x51 ./Src/clock_setup.o
 .debug_macro   0x0000000000000cdd      0x103 ./Src/clock_setup.o
 .debug_macro   0x0000000000000de0       0x6a ./Src/clock_setup.o
 .debug_macro   0x0000000000000e4a      0x1df ./Src/clock_setup.o
 .debug_macro   0x0000000000001029       0x1c ./Src/clock_setup.o
 .debug_macro   0x0000000000001045       0x22 ./Src/clock_setup.o
 .debug_macro   0x0000000000001067       0xfb ./Src/clock_setup.o
 .debug_macro   0x0000000000001162     0x1011 ./Src/clock_setup.o
 .debug_macro   0x0000000000002173      0x11f ./Src/clock_setup.o
 .debug_macro   0x0000000000002292    0x16749 ./Src/clock_setup.o
 .debug_macro   0x00000000000189db       0x6d ./Src/clock_setup.o
 .debug_macro   0x0000000000018a48      0x1d3 ./Src/main.o
 .debug_macro   0x0000000000018c1b       0x61 ./Src/main.o
 .debug_macro   0x0000000000018c7c       0x2a ./Src/main.o
 .debug_macro   0x0000000000018ca6       0x43 ./Src/main.o
 .debug_macro   0x0000000000018ce9       0x34 ./Src/main.o
 .debug_macro   0x0000000000018d1d       0x16 ./Src/main.o
 .debug_macro   0x0000000000018d33       0x97 ./Src/main.o
 .debug_macro   0x0000000000018dca      0x369 ./Src/main.o
 .debug_macro   0x0000000000019133       0xfd ./Src/main.o
 .debug_macro   0x0000000000019230       0x10 ./Src/main.o
 .debug_macro   0x0000000000019240       0x16 ./Src/main.o
 .debug_macro   0x0000000000019256       0x43 ./Src/main.o
 .debug_macro   0x0000000000019299       0x34 ./Src/main.o
 .debug_macro   0x00000000000192cd       0x10 ./Src/main.o
 .debug_macro   0x00000000000192dd       0x58 ./Src/main.o
 .debug_macro   0x0000000000019335       0x8e ./Src/main.o
 .debug_macro   0x00000000000193c3       0x1c ./Src/main.o
 .debug_macro   0x00000000000193df      0x177 ./Src/main.o
 .debug_macro   0x0000000000019556       0x16 ./Src/main.o
 .debug_macro   0x000000000001956c       0x16 ./Src/main.o
 .debug_macro   0x0000000000019582      0x147 ./Src/main.o
 .debug_macro   0x00000000000196c9      0x1e7 ./Src/port.o
 .debug_macro   0x00000000000198b0      0x1df ./Src/timebase.o
 .debug_macro   0x0000000000019a8f      0x102 ./Src/uart.o

.debug_line     0x0000000000000000     0x1f2d
 .debug_line    0x0000000000000000      0x528 ./Src/clock_setup.o
 .debug_line    0x0000000000000528      0x644 ./Src/main.o
 .debug_line    0x0000000000000b6c      0x6f2 ./Src/port.o
 .debug_line    0x000000000000125e      0x70e ./Src/timebase.o
 .debug_line    0x000000000000196c      0x546 ./Src/uart.o
 .debug_line    0x0000000000001eb2       0x7b ./Startup/startup_stm32f446retx.o

.debug_str      0x0000000000000000    0x8edb6
 .debug_str     0x0000000000000000    0x8b013 ./Src/clock_setup.o
                                      0x8b19a (size before relaxing)
 .debug_str     0x000000000008b013     0x3a8f ./Src/main.o
                                      0x8eb30 (size before relaxing)
 .debug_str     0x000000000008eaa2       0xa6 ./Src/port.o
                                      0x8eca3 (size before relaxing)
 .debug_str     0x000000000008eb48      0x16e ./Src/timebase.o
                                      0x8ec00 (size before relaxing)
 .debug_str     0x000000000008ecb6       0xd1 ./Src/uart.o
                                      0x8b259 (size before relaxing)
 .debug_str     0x000000000008ed87       0x2f ./Startup/startup_stm32f446retx.o
                                         0x75 (size before relaxing)

.debug_frame    0x0000000000000000      0x2fc
 .debug_frame   0x0000000000000000       0x30 ./Src/clock_setup.o
 .debug_frame   0x0000000000000030       0x34 ./Src/main.o
 .debug_frame   0x0000000000000064       0xd4 ./Src/port.o
 .debug_frame   0x0000000000000138       0xd4 ./Src/timebase.o
 .debug_frame   0x000000000000020c       0xc4 ./Src/uart.o
 .debug_frame   0x00000000000002d0       0x2c /opt/st/stm32cubeide_1.14.0/plugins/com.st.stm32cube.ide.mcu.externaltools.gnu-tools-for-stm32.11.3.rel1.linux64_1.1.100.202309141235/tools/bin/../lib/gcc/arm-none-eabi/11.3.1/../../../../arm-none-eabi/lib/thumb/v7e-m+fp/hard/libc_nano.a(libc_a-init.o)

.debug_line_str
                0x0000000000000000       0x69
 .debug_line_str
                0x0000000000000000       0x69 ./Startup/startup_stm32f446retx.o
                                         0x81 (size before relaxing)
