Archive member included to satisfy reference by file (symbol)

/opt/st/stm32cubeide_1.14.0/plugins/com.st.stm32cube.ide.mcu.externaltools.gnu-tools-for-stm32.11.3.rel1.linux64_1.1.100.202309141235/tools/bin/../lib/gcc/arm-none-eabi/11.3.1/../../../../arm-none-eabi/lib/thumb/v7e-m+fp/hard/libc_nano.a(libc_a-exit.o)
                              /opt/st/stm32cubeide_1.14.0/plugins/com.st.stm32cube.ide.mcu.externaltools.gnu-tools-for-stm32.11.3.rel1.linux64_1.1.100.202309141235/tools/bin/../lib/gcc/arm-none-eabi/11.3.1/../../../../arm-none-eabi/lib/thumb/v7e-m+fp/hard/crt0.o (exit)
/opt/st/stm32cubeide_1.14.0/plugins/com.st.stm32cube.ide.mcu.externaltools.gnu-tools-for-stm32.11.3.rel1.linux64_1.1.100.202309141235/tools/bin/../lib/gcc/arm-none-eabi/11.3.1/../../../../arm-none-eabi/lib/thumb/v7e-m+fp/hard/libc_nano.a(libc_a-findfp.o)
                              /opt/st/stm32cubeide_1.14.0/plugins/com.st.stm32cube.ide.mcu.externaltools.gnu-tools-for-stm32.11.3.rel1.linux64_1.1.100.202309141235/tools/bin/../lib/gcc/arm-none-eabi/11.3.1/../../../../arm-none-eabi/lib/thumb/v7e-m+fp/hard/libc_nano.a(libc_a-exit.o) (__stdio_exit_handler)
/opt/st/stm32cubeide_1.14.0/plugins/com.st.stm32cube.ide.mcu.externaltools.gnu-tools-for-stm32.11.3.rel1.linux64_1.1.100.202309141235/tools/bin/../lib/gcc/arm-none-eabi/11.3.1/../../../../arm-none-eabi/lib/thumb/v7e-m+fp/hard/libc_nano.a(libc_a-fwalk.o)
                              /opt/st/stm32cubeide_1.14.0/plugins/com.st.stm32cube.ide.mcu.externaltools.gnu-tools-for-stm32.11.3.rel1.linux64_1.1.100.202309141235/tools/bin/../lib/gcc/arm-none-eabi/11.3.1/../../../../arm-none-eabi/lib/thumb/v7e-m+fp/hard/libc_nano.a(libc_a-findfp.o) (_fwalk_sglue)
/opt/st/stm32cubeide_1.14.0/plugins/com.st.stm32cube.ide.mcu.externaltools.gnu-tools-for-stm32.11.3.rel1.linux64_1.1.100.202309141235/tools/bin/../lib/gcc/arm-none-eabi/11.3.1/../../../../arm-none-eabi/lib/thumb/v7e-m+fp/hard/libc_nano.a(libc_a-stdio.o)
                              /opt/st/stm32cubeide_1.14.0/plugins/com.st.stm32cube.ide.mcu.externaltools.gnu-tools-for-stm32.11.3.rel1.linux64_1.1.100.202309141235/tools/bin/../lib/gcc/arm-none-eabi/11.3.1/../../../../arm-none-eabi/lib/thumb/v7e-m+fp/hard/libc_nano.a(libc_a-findfp.o) (__sread)
/opt/st/stm32cubeide_1.14.0/plugins/com.st.stm32cube.ide.mcu.externaltools.gnu-tools-for-stm32.11.3.rel1.linux64_1.1.100.202309141235/tools/bin/../lib/gcc/arm-none-eabi/11.3.1/../../../../arm-none-eabi/lib/thumb/v7e-m+fp/hard/libc_nano.a(libc_a-memset.o)
                              /opt/st/stm32cubeide_1.14.0/plugins/com.st.stm32cube.ide.mcu.externaltools.gnu-tools-for-stm32.11.3.rel1.linux64_1.1.100.202309141235/tools/bin/../lib/gcc/arm-none-eabi/11.3.1/../../../../arm-none-eabi/lib/thumb/v7e-m+fp/hard/crt0.o (memset)
/opt/st/stm32cubeide_1.14.0/plugins/com.st.stm32cube.ide.mcu.externaltools.gnu-tools-for-stm32.11.3.rel1.linux64_1.1.100.202309141235/tools/bin/../lib/gcc/arm-none-eabi/11.3.1/../../../../arm-none-eabi/lib/thumb/v7e-m+fp/hard/libc_nano.a(libc_a-closer.o)
                              /opt/st/stm32cubeide_1.14.0/plugins/com.st.stm32cube.ide.mcu.externaltools.gnu-tools-for-stm32.11.3.rel1.linux64_1.1.100.202309141235/tools/bin/../lib/gcc/arm-none-eabi/11.3.1/../../../../arm-none-eabi/lib/thumb/v7e-m+fp/hard/libc_nano.a(libc_a-stdio.o) (_close_r)
/opt/st/stm32cubeide_1.14.0/plugins/com.st.stm32cube.ide.mcu.externaltools.gnu-tools-for-stm32.11.3.rel1.linux64_1.1.100.202309141235/tools/bin/../lib/gcc/arm-none-eabi/11.3.1/../../../../arm-none-eabi/lib/thumb/v7e-m+fp/hard/libc_nano.a(libc_a-reent.o)
                              /opt/st/stm32cubeide_1.14.0/plugins/com.st.stm32cube.ide.mcu.externaltools.gnu-tools-for-stm32.11.3.rel1.linux64_1.1.100.202309141235/tools/bin/../lib/gcc/arm-none-eabi/11.3.1/../../../../arm-none-eabi/lib/thumb/v7e-m+fp/hard/libc_nano.a(libc_a-closer.o) (errno)
/opt/st/stm32cubeide_1.14.0/plugins/com.st.stm32cube.ide.mcu.externaltools.gnu-tools-for-stm32.11.3.rel1.linux64_1.1.100.202309141235/tools/bin/../lib/gcc/arm-none-eabi/11.3.1/../../../../arm-none-eabi/lib/thumb/v7e-m+fp/hard/libc_nano.a(libc_a-impure.o)
                              /opt/st/stm32cubeide_1.14.0/plugins/com.st.stm32cube.ide.mcu.externaltools.gnu-tools-for-stm32.11.3.rel1.linux64_1.1.100.202309141235/tools/bin/../lib/gcc/arm-none-eabi/11.3.1/../../../../arm-none-eabi/lib/thumb/v7e-m+fp/hard/libc_nano.a(libc_a-reent.o) (_impure_ptr)
/opt/st/stm32cubeide_1.14.0/plugins/com.st.stm32cube.ide.mcu.externaltools.gnu-tools-for-stm32.11.3.rel1.linux64_1.1.100.202309141235/tools/bin/../lib/gcc/arm-none-eabi/11.3.1/../../../../arm-none-eabi/lib/thumb/v7e-m+fp/hard/libc_nano.a(libc_a-lseekr.o)
                              /opt/st/stm32cubeide_1.14.0/plugins/com.st.stm32cube.ide.mcu.externaltools.gnu-tools-for-stm32.11.3.rel1.linux64_1.1.100.202309141235/tools/bin/../lib/gcc/arm-none-eabi/11.3.1/../../../../arm-none-eabi/lib/thumb/v7e-m+fp/hard/libc_nano.a(libc_a-stdio.o) (_lseek_r)
[...]
Memory Configuration

Name             Origin             Length             Attributes
RAM              0x0000000020000000 0x0000000000020000 xrw
FLASH            0x0000000008000000 0x0000000000080000 xr
*default*        0x0000000000000000 0xffffffffffffffff

Linker script and memory map

LOAD /opt/st/stm32cubeide_1.14.0/plugins/com.st.stm32cube.ide.mcu.externaltools.gnu-tools-for-stm32.11.3.rel1.linux64_1.1.100.202309141235/tools/bin/../lib/gcc/arm-none-eabi/11.3.1/thumb/v7e-m+fp/hard/crti.o
LOAD /opt/st/stm32cubeide_1.14.0/plugins/com.st.stm32cube.ide.mcu.externaltools.gnu-tools-for-stm32.11.3.rel1.linux64_1.1.100.202309141235/tools/bin/../lib/gcc/arm-none-eabi/11.3.1/thumb/v7e-m+fp/hard/crtbegin.o
LOAD /opt/st/stm32cubeide_1.14.0/plugins/com.st.stm32cube.ide.mcu.externaltools.gnu-tools-for-stm32.11.3.rel1.linux64_1.1.100.202309141235/tools/bin/../lib/gcc/arm-none-eabi/11.3.1/../../../../arm-none-eabi/lib/thumb/v7e-m+fp/hard/crt0.o
LOAD ./Src/led.o
LOAD ./Src/main.o
LOAD ./Src/osKernel.o
LOAD ./Src/syscalls.o
LOAD ./Src/sysmem.o
LOAD ./Src/uart.o
LOAD ./Startup/startup_stm32f446retx.o
START GROUP
LOAD /opt/st/stm32cubeide_1.14.0/plugins/com.st.stm32cube.ide.mcu.externaltools.gnu-tools-for-stm32.11.3.rel1.linux64_1.1.100.202309141235/tools/bin/../lib/gcc/arm-none-eabi/11.3.1/../../../../arm-none-eabi/lib/thumb/v7e-m+fp/hard/libc_nano.a
LOAD /opt/st/stm32cubeide_1.14.0/plugins/com.st.stm32cube.ide.mcu.externaltools.gnu-tools-for-stm32.11.3.rel1.linux64_1.1.100.202309141235/tools/bin/../lib/gcc/arm-none-eabi/11.3.1/../../../../arm-none-eabi/lib/thumb/v7e-m+fp/hard/libm.a
END GROUP
START GROUP
LOAD /opt/st/stm32cubeide_1.14.0/plugins/com.st.stm32cube.ide.mcu.externaltools.gnu-tools-for-stm32.11.3.rel1.linux64_1.1.100.202309141235/tools/bin/../lib/gcc/arm-none-eabi/11.3.1/thumb/v7e-m+fp/hard/libgcc.a
LOAD /opt/st/stm32cubeide_1.14.0/plugins/com.st.stm32cube.ide.mcu.externaltools.gnu-tools-for-stm32.11.3.rel1.linux64_1.1.100.202309141235/tools/bin/../lib/gcc/arm-none-eabi/11.3.1/../../../../arm-none-eabi/lib/thumb/v7e-m+fp/hard/libc_nano.a
END GROUP
START GROUP
LOAD /opt/st/stm32cubeide_1.14.0/plugins/com.st.stm32cube.ide.mcu.externaltools.gnu-tools-for-stm32.11.3.rel1.linux64_1.1.100.202309141235/tools/bin/../lib/gcc/arm-none-eabi/11.3.1/thumb/v7e-m+fp/hard/libgcc.a
LOAD /opt/st/stm32cubeide_1.14.0/plugins/com.st.stm32cube.ide.mcu.externaltools.gnu-tools-for-stm32.11.3.rel1.linux64_1.1.100.202309141235/tools/bin/../lib/gcc/arm-none-eabi/11.3.1/../../../../arm-none-eabi/lib/thumb/v7e-m+fp/hard/libc_nano.a
LOAD /opt/st/stm32cubeide_1.14.0/plugins/com.st.stm32cube.ide.mcu.externaltools.gnu-tools-for-stm32.11.3.rel1.linux64_1.1.100.202309141235/tools/bin/../lib/gcc/arm-none-eabi/11.3.1/../../../../arm-none-eabi/lib/thumb/v7e-m+fp/hard/libnosys.a
END GROUP
START GROUP
LOAD /opt/st/stm32cubeide_1.14.0/plugins/com.st.stm32cube.ide.mcu.externaltools.gnu-tools-for-stm32.11.3.rel1.linux64_1.1.100.202309141235/tools/bin/../lib/gcc/arm-none-eabi/11.3.1/thumb/v7e-m+fp/hard/libgcc.a
LOAD /opt/st/stm32cubeide_1.14.0/plugins/com.st.stm32cube.ide.mcu.externaltools.gnu-tools-for-stm32.11.3.rel1.linux64_1.1.100.202309141235/tools/bin/../lib/gcc/arm-none-eabi/11.3.1/../../../../arm-none-eabi/lib/thumb/v7e-m+fp/hard/libc_nano.a
LOAD /opt/st/stm32cubeide_1.14.0/plugins/com.st.stm32cube.ide.mcu.externaltools.gnu-tools-for-stm32.11.3.rel1.linux64_1.1.100.202309141235/tools/bin/../lib/gcc/arm-none-eabi/11.3.1/../../../../arm-none-eabi/lib/thumb/v7e-m+fp/hard/libnosys.a
END GROUP
LOAD /opt/st/stm32cubeide_1.14.0/plugins/com.st.stm32cube.ide.mcu.externaltools.gnu-tools-for-stm32.11.3.rel1.linux64_1.1.100.202309141235/tools/bin/../lib/gcc/arm-none-eabi/11.3.1/thumb/v7e-m+fp/hard/crtend.o
LOAD /opt/st/stm32cubeide_1.14.0/plugins/com.st.stm32cube.ide.mcu.externaltools.gnu-tools-for-stm32.11.3.rel1.linux64_1.1.100.202309141235/tools/bin/../lib/gcc/arm-none-eabi/11.3.1/thumb/v7e-m+fp/hard/crtn.o
                0x0000000020020000                _estack = (ORIGIN (RAM) + LENGTH (RAM))
                0x0000000000000200                _Min_Heap_Size = 0x200
                0x0000000000000400                _Min_Stack_Size = 0x400

.isr_vector     0x0000000008000000      0x1c4
                0x0000000008000000                . = ALIGN (0x4)
 *(.isr_vector)
 .isr_vector    0x0000000008000000      0x1c4 ./Startup/startup_stm32f446retx.o
                0x0000000008000000                g_pfnVectors
                0x00000000080001c4                . = ALIGN (0x4)

.text           0x00000000080001c4      0x464
                0x00000000080001c4                . = ALIGN (0x4)
 *(.text)
 .text          0x00000000080001c4       0x40 /opt/st/stm32cubeide_1.14.0/plugins/com.st.stm32cube.ide.mcu.externaltools.gnu-tools-for-stm32.11.3.rel1.linux64_1.1.100.202309141235/tools/bin/../lib/gcc/arm-none-eabi/11.3.1/thumb/v7e-m+fp/hard/crtbegin.o
 *(.text*)
 .text.task0    0x0000000008000204       0x14 ./Src/main.o
                0x0000000008000204                task0
 .text.task1    0x0000000008000218       0x14 ./Src/main.o
                0x0000000008000218                task1
 .text.task2    0x000000000800022c       0x14 ./Src/main.o
                0x000000000800022c                task2
 .text.main     0x0000000008000240       0x2c ./Src/main.o
                0x0000000008000240                main
 .text.__NVIC_SetPriority
                0x000000000800026c       0x54 ./Src/osKernel.o
 .text.osKernelStackInit
                0x00000000080002c0      0x1a0 ./Src/osKernel.o
                0x00000000080002c0                osKernelStackInit
 .text.osSchedulerLaunch
                0x0000000008000460       0x30 ./Src/osKernel.o
                0x0000000008000460                osSchedulerLaunch
 .text.osKernelAddThreads
                0x0000000008000490       0x74 ./Src/osKernel.o
                0x0000000008000490                osKernelAddThreads
 .text.osKernelInit
                0x0000000008000504       0x1c ./Src/osKernel.o
                0x0000000008000504                osKernelInit
 .text.osKernelLaunch
                0x0000000008000520       0x54 ./Src/osKernel.o
                0x0000000008000520                osKernelLaunch
 .text.Reset_Handler
                0x0000000008000574       0x50 ./Startup/startup_stm32f446retx.o
                0x0000000008000574                Reset_Handler
 .text.Default_Handler
                0x00000000080005c4        0x2 ./Startup/startup_stm32f446retx.o
                0x00000000080005c4                RTC_Alarm_IRQHandler
                0x00000000080005c4                EXTI2_IRQHandler
                0x00000000080005c4                TIM8_CC_IRQHandler
                0x00000000080005c4                SPDIF_Rx_IRQHandler
                0x00000000080005c4                DebugMon_Handler
                0x00000000080005c4                SPI4_IRQHandler
                0x00000000080005c4                TIM1_CC_IRQHandler
                0x00000000080005c4                QuadSPI_IRQHandler
                0x00000000080005c4                DMA2_Stream5_IRQHandler
                0x00000000080005c4                HardFault_Handler
                0x00000000080005c4                DMA1_Stream5_IRQHandler
                0x00000000080005c4                SysTick_Handler
                0x00000000080005c4                PVD_IRQHandler
                0x00000000080005c4                SDIO_IRQHandler
                0x00000000080005c4                TAMP_STAMP_IRQHandler
                0x00000000080005c4                PendSV_Handler
                0x00000000080005c4                NMI_Handler
                0x00000000080005c4                CAN2_RX1_IRQHandler
                0x00000000080005c4                EXTI3_IRQHandler
                0x00000000080005c4                TIM8_TRG_COM_TIM14_IRQHandler
                0x00000000080005c4                TIM1_UP_TIM10_IRQHandler
                0x00000000080005c4                FMPI2C1_error_IRQHandler
                0x00000000080005c4                TIM8_UP_TIM13_IRQHandler
                0x00000000080005c4                I2C3_ER_IRQHandler
                0x00000000080005c4                EXTI0_IRQHandler
                0x00000000080005c4                I2C2_EV_IRQHandler
                0x00000000080005c4                DMA1_Stream2_IRQHandler
                0x00000000080005c4                CAN1_RX0_IRQHandler
                0x00000000080005c4                OTG_HS_WKUP_IRQHandler
                0x00000000080005c4                UsageFault_Handler
                0x00000000080005c4                CAN2_SCE_IRQHandler
                0x00000000080005c4                DMA2_Stream2_IRQHandler
                0x00000000080005c4                SPI1_IRQHandler
                0x00000000080005c4                TIM6_DAC_IRQHandler
                0x00000000080005c4                TIM1_BRK_TIM9_IRQHandler
                0x00000000080005c4                DCMI_IRQHandler
                0x00000000080005c4                CAN2_RX0_IRQHandler
                0x00000000080005c4                DMA2_Stream3_IRQHandler
                0x00000000080005c4                FMPI2C1_IRQHandler
                0x00000000080005c4                SAI2_IRQHandler
                0x00000000080005c4                USART6_IRQHandler
                0x00000000080005c4                USART3_IRQHandler
                0x00000000080005c4                CAN1_RX1_IRQHandler
                0x00000000080005c4                UART5_IRQHandler
                0x00000000080005c4                DMA2_Stream0_IRQHandler
                0x00000000080005c4                TIM4_IRQHandler
                0x00000000080005c4                I2C1_EV_IRQHandler
                0x00000000080005c4                HDMI_CEC_IRQHandler
                0x00000000080005c4                DMA1_Stream6_IRQHandler
                0x00000000080005c4                DMA1_Stream1_IRQHandler
                0x00000000080005c4                UART4_IRQHandler
                0x00000000080005c4                TIM3_IRQHandler
                0x00000000080005c4                RCC_IRQHandler
                0x00000000080005c4                TIM8_BRK_TIM12_IRQHandler
                0x00000000080005c4                Default_Handler
                0x00000000080005c4                EXTI15_10_IRQHandler
                0x00000000080005c4                ADC_IRQHandler
                0x00000000080005c4                DMA1_Stream7_IRQHandler
                0x00000000080005c4                TIM7_IRQHandler
                0x00000000080005c4                CAN2_TX_IRQHandler
                0x00000000080005c4                TIM5_IRQHandler
                0x00000000080005c4                DMA2_Stream7_IRQHandler
                0x00000000080005c4                I2C3_EV_IRQHandler
                0x00000000080005c4                EXTI9_5_IRQHandler
                0x00000000080005c4                RTC_WKUP_IRQHandler
                0x00000000080005c4                SPI2_IRQHandler
                0x00000000080005c4                OTG_HS_EP1_IN_IRQHandler
                0x00000000080005c4                MemManage_Handler
                0x00000000080005c4                DMA1_Stream0_IRQHandler
                0x00000000080005c4                CAN1_TX_IRQHandler
                0x00000000080005c4                SVC_Handler
                0x00000000080005c4                EXTI4_IRQHandler
                0x00000000080005c4                OTG_HS_EP1_OUT_IRQHandler
                0x00000000080005c4                WWDG_IRQHandler
                0x00000000080005c4                TIM2_IRQHandler
                0x00000000080005c4                OTG_FS_WKUP_IRQHandler
                0x00000000080005c4                TIM1_TRG_COM_TIM11_IRQHandler
                0x00000000080005c4                OTG_HS_IRQHandler
                0x00000000080005c4                EXTI1_IRQHandler
                0x00000000080005c4                USART2_IRQHandler
                0x00000000080005c4                I2C2_ER_IRQHandler
                0x00000000080005c4                DMA2_Stream1_IRQHandler
                0x00000000080005c4                CAN1_SCE_IRQHandler
                0x00000000080005c4                FLASH_IRQHandler
                0x00000000080005c4                DMA2_Stream4_IRQHandler
                0x00000000080005c4                BusFault_Handler
                0x00000000080005c4                USART1_IRQHandler
                0x00000000080005c4                OTG_FS_IRQHandler
                0x00000000080005c4                SPI3_IRQHandler
                0x00000000080005c4                DMA1_Stream4_IRQHandler
                0x00000000080005c4                I2C1_ER_IRQHandler
                0x00000000080005c4                FMC_IRQHandler
                0x00000000080005c4                DMA2_Stream6_IRQHandler
                0x00000000080005c4                SAI1_IRQHandler
                0x00000000080005c4                DMA1_Stream3_IRQHandler
 *fill*         0x00000000080005c6        0x2 
 .text.__libc_init_array
                0x00000000080005c8       0x48 /opt/st/stm32cubeide_1.14.0/plugins/com.st.stm32cube.ide.mcu.externaltools.gnu-tools-for-stm32.11.3.rel1.linux64_1.1.100.202309141235/tools/bin/../lib/gcc/arm-none-eabi/11.3.1/../../../../arm-none-eabi/lib/thumb/v7e-m+fp/hard/libc_nano.a(libc_a-init.o)
                0x00000000080005c8                __libc_init_array
 *(.glue_7)
 .glue_7        0x0000000008000610        0x0 linker stubs
 *(.glue_7t)
 .glue_7t       0x0000000008000610        0x0 linker stubs
 *(.eh_frame)
 .eh_frame      0x0000000008000610        0x0 /opt/st/stm32cubeide_1.14.0/plugins/com.st.stm32cube.ide.mcu.externaltools.gnu-tools-for-stm32.11.3.rel1.linux64_1.1.100.202309141235/tools/bin/../lib/gcc/arm-none-eabi/11.3.1/thumb/v7e-m+fp/hard/crtbegin.o
 *(.init)
 .init          0x0000000008000610        0x4 /opt/st/stm32cubeide_1.14.0/plugins/com.st.stm32cube.ide.mcu.externaltools.gnu-tools-for-stm32.11.3.rel1.linux64_1.1.100.202309141235/tools/bin/../lib/gcc/arm-none-eabi/11.3.1/thumb/v7e-m+fp/hard/crti.o
                0x0000000008000610                _init
 .init          0x0000000008000614        0x8 /opt/st/stm32cubeide_1.14.0/plugins/com.st.stm32cube.ide.mcu.externaltools.gnu-tools-for-stm32.11.3.rel1.linux64_1.1.100.202309141235/tools/bin/../lib/gcc/arm-none-eabi/11.3.1/thumb/v7e-m+fp/hard/crtn.o
 *(.fini)
 .fini          0x000000000800061c        0x4 /opt/st/stm32cubeide_1.14.0/plugins/com.st.stm32cube.ide.mcu.externaltools.gnu-tools-for-stm32.11.3.rel1.linux64_1.1.100.202309141235/tools/bin/../lib/gcc/arm-none-eabi/11.3.1/thumb/v7e-m+fp/hard/crti.o
                0x000000000800061c                _fini
 .fini          0x0000000008000620        0x8 /opt/st/stm32cubeide_1.14.0/plugins/com.st.stm32cube.ide.mcu.externaltools.gnu-tools-for-stm32.11.3.rel1.linux64_1.1.100.202309141235/tools/bin/../lib/gcc/arm-none-eabi/11.3.1/thumb/v7e-m+fp/hard/crtn.o
                0x0000000008000628                . = ALIGN (0x4)
                0x0000000008000628                _etext = .

.vfp11_veneer   0x0000000008000628        0x0
 .vfp11_veneer  0x0000000008000628        0x0 linker stubs

.v4_bx          0x0000000008000628        0x0
 .v4_bx         0x0000000008000628        0x0 linker stubs

.iplt           0x0000000008000628        0x0
 .iplt          0x0000000008000628        0x0 /opt/st/stm32cubeide_1.14.0/plugins/com.st.stm32cube.ide.mcu.externaltools.gnu-tools-for-stm32.11.3.rel1.linux64_1.1.100.202309141235/tools/bin/../lib/gcc/arm-none-eabi/11.3.1/thumb/v7e-m+fp/hard/crtbegin.o

.rel.dyn        0x0000000008000628        0x0
 .rel.iplt      0x0000000008000628        0x0 /opt/st/stm32cubeide_1.14.0/plugins/com.st.stm32cube.ide.mcu.externaltools.gnu-tools-for-stm32.11.3.rel1.linux64_1.1.100.202309141235/tools/bin/../lib/gcc/arm-none-eabi/11.3.1/thumb/v7e-m+fp/hard/crtbegin.o

.rodata         0x0000000008000628        0x0
                0x0000000008000628                . = ALIGN (0x4)
 *(.rodata)
 *(.rodata*)
                0x0000000008000628                . = ALIGN (0x4)

.ARM.extab      0x0000000008000628        0x0
                0x0000000008000628                . = ALIGN (0x4)
 *(.ARM.extab* .gnu.linkonce.armextab.*)
                0x0000000008000628                . = ALIGN (0x4)

.ARM            0x0000000008000628        0x0
                0x0000000008000628                . = ALIGN (0x4)
                0x0000000008000628                __exidx_start = .
 *(.ARM.exidx*)
                0x0000000008000628                __exidx_end = .
                0x0000000008000628                . = ALIGN (0x4)

.preinit_array  0x0000000008000628        0x0
                0x0000000008000628                . = ALIGN (0x4)
                0x0000000008000628                PROVIDE (__preinit_array_start = .)
 *(.preinit_array*)
                0x0000000008000628                PROVIDE (__preinit_array_end = .)
                0x0000000008000628                . = ALIGN (0x4)

.init_array     0x0000000008000628        0x4
                0x0000000008000628                . = ALIGN (0x4)
                0x0000000008000628                PROVIDE (__init_array_start = .)
 *(SORT_BY_NAME(.init_array.*))
 *(.init_array*)
 .init_array    0x0000000008000628        0x4 /opt/st/stm32cubeide_1.14.0/plugins/com.st.stm32cube.ide.mcu.externaltools.gnu-tools-for-stm32.11.3.rel1.linux64_1.1.100.202309141235/tools/bin/../lib/gcc/arm-none-eabi/11.3.1/thumb/v7e-m+fp/hard/crtbegin.o
                0x000000000800062c                PROVIDE (__init_array_end = .)
                0x000000000800062c                . = ALIGN (0x4)

.fini_array     0x000000000800062c        0x4
                0x000000000800062c                . = ALIGN (0x4)
                [!provide]                        PROVIDE (__fini_array_start = .)
 *(SORT_BY_NAME(.fini_array.*))
 *(.fini_array*)
 .fini_array    0x000000000800062c        0x4 /opt/st/stm32cubeide_1.14.0/plugins/com.st.stm32cube.ide.mcu.externaltools.gnu-tools-for-stm32.11.3.rel1.linux64_1.1.100.202309141235/tools/bin/../lib/gcc/arm-none-eabi/11.3.1/thumb/v7e-m+fp/hard/crtbegin.o
                [!provide]                        PROVIDE (__fini_array_end = .)
                0x0000000008000630                . = ALIGN (0x4)
                0x0000000008000630                _sidata = LOADADDR (.data)

.data           0x0000000020000000        0x0 load address 0x0000000008000630
                0x0000000020000000                . = ALIGN (0x4)
                0x0000000020000000                _sdata = .
 *(.data)
 *(.data*)
 *(.RamFunc)
 *(.RamFunc*)
                0x0000000020000000                . = ALIGN (0x4)
                0x0000000020000000                _edata = .

.igot.plt       0x0000000020000000        0x0 load address 0x0000000008000630
 .igot.plt      0x0000000020000000        0x0 /opt/st/stm32cubeide_1.14.0/plugins/com.st.stm32cube.ide.mcu.externaltools.gnu-tools-for-stm32.11.3.rel1.linux64_1.1.100.202309141235/tools/bin/../lib/gcc/arm-none-eabi/11.3.1/thumb/v7e-m+fp/hard/crtbegin.o
                0x0000000020000000                . = ALIGN (0x4)

.bss            0x0000000020000000      0x4f8 load address 0x0000000008000630
                0x0000000020000000                _sbss = .
                0x0000000020000000                __bss_start__ = _sbss
 *(.bss)
 .bss           0x0000000020000000       0x1c /opt/st/stm32cubeide_1.14.0/plugins/com.st.stm32cube.ide.mcu.externaltools.gnu-tools-for-stm32.11.3.rel1.linux64_1.1.100.202309141235/tools/bin/../lib/gcc/arm-none-eabi/11.3.1/thumb/v7e-m+fp/hard/crtbegin.o
 *(.bss*)
 .bss.Task0_Profiler
                0x000000002000001c        0x4 ./Src/main.o
                0x000000002000001c                Task0_Profiler
 .bss.Task1_Profiler
                0x0000000020000020        0x4 ./Src/main.o
                0x0000000020000020                Task1_Profiler
 .bss.Task2_Profiler
                0x0000000020000024        0x4 ./Src/main.o
                0x0000000020000024                Task2_Profiler
 .bss.MILLIS_PRESCALER
                0x0000000020000028        0x4 ./Src/osKernel.o
                0x0000000020000028                MILLIS_PRESCALER
 .bss.tcbs      0x000000002000002c       0x18 ./Src/osKernel.o
                0x000000002000002c                tcbs
 .bss.currentPt
                0x0000000020000044        0x4 ./Src/osKernel.o
                0x0000000020000044                currentPt
 .bss.TCB_STACK
                0x0000000020000048      0x4b0 ./Src/osKernel.o
                0x0000000020000048                TCB_STACK
 *(COMMON)
                0x00000000200004f8                . = ALIGN (0x4)
                0x00000000200004f8                _ebss = .
                0x00000000200004f8                __bss_end__ = _ebss

._user_heap_stack
                0x00000000200004f8      0x600 load address 0x0000000008000630
                0x00000000200004f8                . = ALIGN (0x8)
                [!provide]                        PROVIDE (end = .)
                0x00000000200004f8                PROVIDE (_end = .)
                0x00000000200006f8                . = (. + _Min_Heap_Size)
 *fill*         0x00000000200004f8      0x200 
                0x0000000020000af8                . = (. + _Min_Stack_Size)
 *fill*         0x00000000200006f8      0x400 
                0x0000000020000af8                . = ALIGN (0x8)

/DISCARD/
 libc.a(*)
 libm.a(*)
 libgcc.a(*)

.ARM.attributes
                0x0000000000000000       0x30
 *(.ARM.attributes)
 .ARM.attributes
                0x0000000000000000       0x1e /opt/st/stm32cubeide_1.14.0/plugins/com.st.stm32cube.ide.mcu.externaltools.gnu-tools-for-stm32.11.3.rel1.linux64_1.1.100.202309141235/tools/bin/../lib/gcc/arm-none-eabi/11.3.1/thumb/v7e-m+fp/hard/crti.o
 .ARM.attributes
                0x000000000000001e       0x34 /opt/st/stm32cubeide_1.14.0/plugins/com.st.stm32cube.ide.mcu.externaltools.gnu-tools-for-stm32.11.3.rel1.linux64_1.1.100.202309141235/tools/bin/../lib/gcc/arm-none-eabi/11.3.1/thumb/v7e-m+fp/hard/crtbegin.o
 .ARM.attributes
                0x0000000000000052       0x34 ./Src/main.o
 .ARM.attributes
                0x0000000000000086       0x34 ./Src/osKernel.o
 .ARM.attributes
                0x00000000000000ba       0x21 ./Startup/startup_stm32f446retx.o
 .ARM.attributes
                0x00000000000000db       0x34 /opt/st/stm32cubeide_1.14.0/plugins/com.st.stm32cube.ide.mcu.externaltools.gnu-tools-for-stm32.11.3.rel1.linux64_1.1.100.202309141235/tools/bin/../lib/gcc/arm-none-eabi/11.3.1/../../../../arm-none-eabi/lib/thumb/v7e-m+fp/hard/libc_nano.a(libc_a-init.o)
 .ARM.attributes
                0x000000000000010f       0x1e /opt/st/stm32cubeide_1.14.0/plugins/com.st.stm32cube.ide.mcu.externaltools.gnu-tools-for-stm32.11.3.rel1.linux64_1.1.100.202309141235/tools/bin/../lib/gcc/arm-none-eabi/11.3.1/thumb/v7e-m+fp/hard/crtn.o
OUTPUT(5_RoundRobinScheduler.elf elf32-littlearm)
LOAD linker stubs
LOAD /opt/st/stm32cubeide_1.14.0/plugins/com.st.stm32cube.ide.mcu.externaltools.gnu-tools-for-stm32.11.3.rel1.linux64_1.1.100.202309141235/tools/bin/../lib/gcc/arm-none-eabi/11.3.1/../../../../arm-none-eabi/lib/thumb/v7e-m+fp/hard/libc.a
LOAD /opt/st/stm32cubeide_1.14.0/plugins/com.st.stm32cube.ide.mcu.externaltools.gnu-tools-for-stm32.11.3.rel1.linux64_1.1.100.202309141235/tools/bin/../lib/gcc/arm-none-eabi/11.3.1/../../../../arm-none-eabi/lib/thumb/v7e-m+fp/hard/libm.a
LOAD /opt/st/stm32cubeide_1.14.0/plugins/com.st.stm32cube.ide.mcu.externaltools.gnu-tools-for-stm32.11.3.rel1.linux64_1.1.100.202309141235/tools/bin/../lib/gcc/arm-none-eabi/11.3.1/thumb/v7e-m+fp/hard/libgcc.a

.comment        0x0000000000000000       0x43
 .comment       0x0000000000000000       0x43 /opt/st/stm32cubeide_1.14.0/plugins/com.st.stm32cube.ide.mcu.externaltools.gnu-tools-for-stm32.11.3.rel1.linux64_1.1.100.202309141235/tools/bin/../lib/gcc/arm-none-eabi/11.3.1/thumb/v7e-m+fp/hard/crtbegin.o
                                         0x44 (size before relaxing)
 .comment       0x0000000000000043       0x44 ./Src/main.o
 .comment       0x0000000000000043       0x44 ./Src/osKernel.o

.debug_info     0x0000000000000000      0x94e
 .debug_info    0x0000000000000000      0x164 ./Src/main.o
 .debug_info    0x0000000000000164      0x7c7 ./Src/osKernel.o
 .debug_info    0x000000000000092b       0x23 ./Startup/startup_stm32f446retx.o

.debug_abbrev   0x0000000000000000      0x31d
 .debug_abbrev  0x0000000000000000       0xdc ./Src/main.o
 .debug_abbrev  0x00000000000000dc      0x22f ./Src/osKernel.o
 .debug_abbrev  0x000000000000030b       0x12 ./Startup/startup_stm32f446retx.o

.debug_aranges  0x0000000000000000       0xb0
 .debug_aranges
                0x0000000000000000       0x38 ./Src/main.o
 .debug_aranges
                0x0000000000000038       0x50 ./Src/osKernel.o
 .debug_aranges
                0x0000000000000088       0x28 ./Startup/startup_stm32f446retx.o

.debug_rnglists
                0x0000000000000000       0x76
 .debug_rnglists
                0x0000000000000000       0x25 ./Src/main.o
 .debug_rnglists
                0x0000000000000025       0x38 ./Src/osKernel.o
 .debug_rnglists
                0x000000000000005d       0x19 ./Startup/startup_stm32f446retx.o

.debug_macro    0x0000000000000000      0x1fa
 .debug_macro   0x0000000000000000       0xf2 ./Src/main.o
 .debug_macro   0x00000000000000f2      0x108 ./Src/osKernel.o

.debug_line     0x0000000000000000      0xb9c
 .debug_line    0x0000000000000000      0x516 ./Src/main.o
 .debug_line    0x0000000000000516      0x60b ./Src/osKernel.o
 .debug_line    0x0000000000000b21       0x7b ./Startup/startup_stm32f446retx.o

.debug_str      0x0000000000000000    0x8b6b8
 .debug_str     0x0000000000000000    0x8af46 ./Src/main.o
                                      0x8b0c6 (size before relaxing)
 .debug_str     0x000000000008af46      0x743 ./Src/osKernel.o
                                      0x8b7e2 (size before relaxing)
 .debug_str     0x000000000008b689       0x2f ./Startup/startup_stm32f446retx.o
                                         0x76 (size before relaxing)

.debug_frame    0x0000000000000000      0x198
 .debug_frame   0x0000000000000000       0x74 ./Src/main.o
 .debug_frame   0x0000000000000074       0xf8 ./Src/osKernel.o
 .debug_frame   0x000000000000016c       0x2c /opt/st/stm32cubeide_1.14.0/plugins/com.st.stm32cube.ide.mcu.externaltools.gnu-tools-for-stm32.11.3.rel1.linux64_1.1.100.202309141235/tools/bin/../lib/gcc/arm-none-eabi/11.3.1/../../../../arm-none-eabi/lib/thumb/v7e-m+fp/hard/libc_nano.a(libc_a-init.o)

.debug_line_str
                0x0000000000000000       0x6a
 .debug_line_str
                0x0000000000000000       0x6a ./Startup/startup_stm32f446retx.o
                                         0x82 (size before relaxing)
