Archive member included to satisfy reference by file (symbol)

/opt/st/stm32cubeide_1.14.0/plugins/com.st.stm32cube.ide.mcu.externaltools.gnu-tools-for-stm32.11.3.rel1.linux64_1.1.100.202309141235/tools/bin/../lib/gcc/arm-none-eabi/11.3.1/../../../../arm-none-eabi/lib/thumb/v7e-m+fp/hard/libc_nano.a(libc_a-exit.o)
                              /opt/st/stm32cubeide_1.14.0/plugins/com.st.stm32cube.ide.mcu.externaltools.gnu-tools-for-stm32.11.3.rel1.linux64_1.1.100.202309141235/tools/bin/../lib/gcc/arm-none-eabi/11.3.1/../../../../arm-none-eabi/lib/thumb/v7e-m+fp/hard/crt0.o (exit)
/opt/st/stm32cubeide_1.14.0/plugins/com.st.stm32cube.ide.mcu.externaltools.gnu-tools-for-stm32.11.3.rel1.linux64_1.1.100.202309141235/tools/bin/../lib/gcc/arm-none-eabi/11.3.1/../../../../arm-none-eabi/lib/thumb/v7e-m+fp/hard/libc_nano.a(libc_a-findfp.o)
                              /opt/st/stm32cubeide_1.14.0/plugins/com.st.stm32cube.ide.mcu.externaltools.gnu-tools-for-stm32.11.3.rel1.linux64_1.1.100.202309141235/tools/bin/../lib/gcc/arm-none-eabi/11.3.1/../../../../arm-none-eabi/lib/thumb/v7e-m+fp/hard/libc_nano.a(libc_a-exit.o) (__stdio_exit_handler)
/opt/st/stm32cubeide_1.14.0/plugins/com.st.stm32cube.ide.mcu.externaltools.gnu-tools-for-stm32.11.3.rel1.linux64_1.1.100.202309141235/tools/bin/../lib/gcc/arm-none-eabi/11.3.1/../../../../arm-none-eabi/lib/thumb/v7e-m+fp/hard/libc_nano.a(libc_a-fwalk.o)
                              /opt/st/stm32cubeide_1.14.0/plugins/com.st.stm32cube.ide.mcu.externaltools.gnu-tools-for-stm32.11.3.rel1.linux64_1.1.100.202309141235/tools/bin/../lib/gcc/arm-none-eabi/11.3.1/../../../../arm-none-eabi/lib/thumb/v7e-m+fp/hard/libc_nano.a(libc_a-findfp.o) (_fwalk_sglue)
/opt/st/stm32cubeide_1.14.0/plugins/com.st.stm32cube.ide.mcu.externaltools.gnu-tools-for-stm32.11.3.rel1.linux64_1.1.100.202309141235/tools/bin/../lib/gcc/arm-none-eabi/11.3.1/../../../../arm-none-eabi/lib/thumb/v7e-m+fp/hard/libc_nano.a(libc_a-stdio.o)
                              /opt/st/stm32cubeide_1.14.0/plugins/com.st.stm32cube.ide.mcu.externaltools.gnu-tools-for-stm32.11.3.rel1.linux64_1.1.100.202309141235/tools/bin/../lib/gcc/arm-none-eabi/11.3.1/../../../../arm-none-eabi/lib/thumb/v7e-m+fp/hard/libc_nano.a(libc_a-findfp.o) (__sread)
/opt/st/stm32cubeide_1.14.0/plugins/com.st.stm32cube.ide.mcu.externaltools.gnu-tools-for-stm32.11.3.rel1.linux64_1.1.100.202309141235/tools/bin/../lib/gcc/arm-none-eabi/11.3.1/../../../../arm-none-eabi/lib/thumb/v7e-m+fp/hard/libc_nano.a(libc_a-memset.o)
                              /opt/st/stm32cubeide_1.14.0/plugins/com.st.stm32cube.ide.mcu.externaltools.gnu-tools-for-stm32.11.3.rel1.linux64_1.1.100.202309141235/tools/bin/../lib/gcc/arm-none-eabi/11.3.1/../../../../arm-none-eabi/lib/thumb/v7e-m+fp/hard/crt0.o (memset)
/opt/st/stm32cubeide_1.14.0/plugins/com.st.stm32cube.ide.mcu.externaltools.gnu-tools-for-stm32.11.3.rel1.linux64_1.1.100.202309141235/tools/bin/../lib/gcc/arm-none-eabi/11.3.1/../../../../arm-none-eabi/lib/thumb/v7e-m+fp/hard/libc_nano.a(libc_a-closer.o)
                              /opt/st/stm32cubeide_1.14.0/plugins/com.st.stm32cube.ide.mcu.externaltools.gnu-tools-for-stm32.11.3.rel1.linux64_1.1.100.202309141235/tools/bin/../lib/gcc/arm-none-eabi/11.3.1/../../../../arm-none-eabi/lib/thumb/v7e-m+fp/hard/libc_nano.a(libc_a-stdio.o) (_close_r)
/opt/st/stm32cubeide_1.14.0/plugins/com.st.stm32cube.ide.mcu.externaltools.gnu-tools-for-stm32.11.3.rel1.linux64_1.1.100.202309141235/tools/bin/../lib/gcc/arm-none-eabi/11.3.1/../../../../arm-none-eabi/lib/thumb/v7e-m+fp/hard/libc_nano.a(libc_a-reent.o)
                              /opt/st/stm32cubeide_1.14.0/plugins/com.st.stm32cube.ide.mcu.externaltools.gnu-tools-for-stm32.11.3.rel1.linux64_1.1.100.202309141235/tools/bin/../lib/gcc/arm-none-eabi/11.3.1/../../../../arm-none-eabi/lib/thumb/v7e-m+fp/hard/libc_nano.a(libc_a-closer.o) (errno)
/opt/st/stm32cubeide_1.14.0/plugins/com.st.stm32cube.ide.mcu.externaltools.gnu-tools-for-stm32.11.3.rel1.linux64_1.1.100.202309141235/tools/bin/../lib/gcc/arm-none-eabi/11.3.1/../../../../arm-none-eabi/lib/thumb/v7e-m+fp/hard/libc_nano.a(libc_a-impure.o)
                              /opt/st/stm32cubeide_1.14.0/plugins/com.st.stm32cube.ide.mcu.externaltools.gnu-tools-for-stm32.11.3.rel1.linux64_1.1.100.202309141235/tools/bin/../lib/gcc/arm-none-eabi/11.3.1/../../../../arm-none-eabi/lib/thumb/v7e-m+fp/hard/libc_nano.a(libc_a-reent.o) (_impure_ptr)
/opt/st/stm32cubeide_1.14.0/plugins/com.st.stm32cube.ide.mcu.externaltools.gnu-tools-for-stm32.11.3.rel1.linux64_1.1.100.202309141235/tools/bin/../lib/gcc/arm-none-eabi/11.3.1/../../../../arm-none-eabi/lib/thumb/v7e-m+fp/hard/libc_nano.a(libc_a-lseekr.o)
                              /opt/st/stm32cubeide_1.14.0/plugins/com.st.stm32cube.ide.mcu.externaltools.gnu-tools-for-stm32.11.3.rel1.linux64_1.1.100.202309141235/tools/bin/../lib/gcc/arm-none-eabi/11.3.1/../../../../arm-none-eabi/lib/thumb/v7e-m+fp/hard/libc_nano.a(libc_a-stdio.o) (_lseek_r)
[...]
Memory Configuration

Name             Origin             Length             Attributes
RAM              0x0000000020000000 0x0000000000020000 xrw
FLASH            0x0000000008000000 0x0000000000080000 xr
*default*        0x0000000000000000 0xffffffffffffffff

Linker script and memory map

LOAD /opt/st/stm32cubeide_1.14.0/plugins/com.st.stm32cube.ide.mcu.externaltools.gnu-tools-for-stm32.11.3.rel1.linux64_1.1.100.202309141235/tools/bin/../lib/gcc/arm-none-eabi/11.3.1/thumb/v7e-m+fp/hard/crti.o
LOAD /opt/st/stm32cubeide_1.14.0/plugins/com.st.stm32cube.ide.mcu.externaltools.gnu-tools-for-stm32.11.3.rel1.linux64_1.1.100.202309141235/tools/bin/../lib/gcc/arm-none-eabi/11.3.1/thumb/v7e-m+fp/hard/crtbegin.o
LOAD /opt/st/stm32cubeide_1.14.0/plugins/com.st.stm32cube.ide.mcu.externaltools.gnu-tools-for-stm32.11.3.rel1.linux64_1.1.100.202309141235/tools/bin/../lib/gcc/arm-none-eabi/11.3.1/../../../../arm-none-eabi/lib/thumb/v7e-m+fp/hard/crt0.o
LOAD ./Src/led.o
LOAD ./Src/main.o
LOAD ./Src/port.o
LOAD ./Src/syscalls.o
LOAD ./Src/sysmem.o
LOAD ./Src/timebase.o
LOAD ./Src/uart.o
LOAD ./Startup/startup_stm32f446retx.o
START GROUP
LOAD /opt/st/stm32cubeide_1.14.0/plugins/com.st.stm32cube.ide.mcu.externaltools.gnu-tools-for-stm32.11.3.rel1.linux64_1.1.100.202309141235/tools/bin/../lib/gcc/arm-none-eabi/11.3.1/../../../../arm-none-eabi/lib/thumb/v7e-m+fp/hard/libc_nano.a
LOAD /opt/st/stm32cubeide_1.14.0/plugins/com.st.stm32cube.ide.mcu.externaltools.gnu-tools-for-stm32.11.3.rel1.linux64_1.1.100.202309141235/tools/bin/../lib/gcc/arm-none-eabi/11.3.1/../../../../arm-none-eabi/lib/thumb/v7e-m+fp/hard/libm.a
END GROUP
START GROUP
LOAD /opt/st/stm32cubeide_1.14.0/plugins/com.st.stm32cube.ide.mcu.externaltools.gnu-tools-for-stm32.11.3.rel1.linux64_1.1.100.202309141235/tools/bin/../lib/gcc/arm-none-eabi/11.3.1/thumb/v7e-m+fp/hard/libgcc.a
LOAD /opt/st/stm32cubeide_1.14.0/plugins/com.st.stm32cube.ide.mcu.externaltools.gnu-tools-for-stm32.11.3.rel1.linux64_1.1.100.202309141235/tools/bin/../lib/gcc/arm-none-eabi/11.3.1/../../../../arm-none-eabi/lib/thumb/v7e-m+fp/hard/libc_nano.a
END GROUP
START GROUP
LOAD /opt/st/stm32cubeide_1.14.0/plugins/com.st.stm32cube.ide.mcu.externaltools.gnu-tools-for-stm32.11.3.rel1.linux64_1.1.100.202309141235/tools/bin/../lib/gcc/arm-none-eabi/11.3.1/thumb/v7e-m+fp/hard/libgcc.a
LOAD /opt/st/stm32cubeide_1.14.0/plugins/com.st.stm32cube.ide.mcu.externaltools.gnu-tools-for-stm32.11.3.rel1.linux64_1.1.100.202309141235/tools/bin/../lib/gcc/arm-none-eabi/11.3.1/../../../../arm-none-eabi/lib/thumb/v7e-m+fp/hard/libc_nano.a
LOAD /opt/st/stm32cubeide_1.14.0/plugins/com.st.stm32cube.ide.mcu.externaltools.gnu-tools-for-stm32.11.3.rel1.linux64_1.1.100.202309141235/tools/bin/../lib/gcc/arm-none-eabi/11.3.1/../../../../arm-none-eabi/lib/thumb/v7e-m+fp/hard/libnosys.a
END GROUP
START GROUP
LOAD /opt/st/stm32cubeide_1.14.0/plugins/com.st.stm32cube.ide.mcu.externaltools.gnu-tools-for-stm32.11.3.rel1.linux64_1.1.100.202309141235/tools/bin/../lib/gcc/arm-none-eabi/11.3.1/thumb/v7e-m+fp/hard/libgcc.a
LOAD /opt/st/stm32cubeide_1.14.0/plugins/com.st.stm32cube.ide.mcu.externaltools.gnu-tools-for-stm32.11.3.rel1.linux64_1.1.100.202309141235/tools/bin/../lib/gcc/arm-none-eabi/11.3.1/../../../../arm-none-eabi/lib/thumb/v7e-m+fp/hard/libc_nano.a
LOAD /opt/st/stm32cubeide_1.14.0/plugins/com.st.stm32cube.ide.mcu.externaltools.gnu-tools-for-stm32.11.3.rel1.linux64_1.1.100.202309141235/tools/bin/../lib/gcc/arm-none-eabi/11.3.1/../../../../arm-none-eabi/lib/thumb/v7e-m+fp/hard/libnosys.a
END GROUP
LOAD /opt/st/stm32cubeide_1.14.0/plugins/com.st.stm32cube.ide.mcu.externaltools.gnu-tools-for-stm32.11.3.rel1.linux64_1.1.100.202309141235/tools/bin/../lib/gcc/arm-none-eabi/11.3.1/thumb/v7e-m+fp/hard/crtend.o
LOAD /opt/st/stm32cubeide_1.14.0/plugins/com.st.stm32cube.ide.mcu.externaltools.gnu-tools-for-stm32.11.3.rel1.linux64_1.1.100.202309141235/tools/bin/../lib/gcc/arm-none-eabi/11.3.1/thumb/v7e-m+fp/hard/crtn.o
                0x0000000020020000                _estack = (ORIGIN (RAM) + LENGTH (RAM))
                0x0000000000000200                _Min_Heap_Size = 0x200
                0x0000000000000400                _Min_Stack_Size = 0x400

.isr_vector     0x0000000008000000      0x1c4
                0x0000000008000000                . = ALIGN (0x4)
 *(.isr_vector)
 .isr_vector    0x0000000008000000      0x1c4 ./Startup/startup_stm32f446retx.o
                0x0000000008000000                g_pfnVectors
                0x00000000080001c4                . = ALIGN (0x4)

.text           0x00000000080001c4      0x420
                0x00000000080001c4                . = ALIGN (0x4)
 *(.text)
 .text          0x00000000080001c4       0x40 /opt/st/stm32cubeide_1.14.0/plugins/com.st.stm32cube.ide.mcu.externaltools.gnu-tools-for-stm32.11.3.rel1.linux64_1.1.100.202309141235/tools/bin/../lib/gcc/arm-none-eabi/11.3.1/thumb/v7e-m+fp/hard/crtbegin.o
 *(.text*)
 .text.main     0x0000000008000204       0x40 ./Src/main.o
                0x0000000008000204                main
 .text._port_init
                0x0000000008000244       0x6c ./Src/port.o
                0x0000000008000244                _port_init
 .text.high     0x00000000080002b0       0x3c ./Src/port.o
                0x00000000080002b0                high
 .text.low      0x00000000080002ec       0x3c ./Src/port.o
                0x00000000080002ec                low
 .text.tick_increment
                0x0000000008000328       0x24 ./Src/timebase.o
                0x0000000008000328                tick_increment
 .text.get_tick
                0x000000000800034c       0x2c ./Src/timebase.o
                0x000000000800034c                get_tick
 .text.delay    0x0000000008000378       0x44 ./Src/timebase.o
                0x0000000008000378                delay
 .text.timebase_init
                0x00000000080003bc       0x44 ./Src/timebase.o
                0x00000000080003bc                timebase_init
 .text.SysTick_Handler
                0x0000000008000400        0xc ./Src/timebase.o
                0x0000000008000400                SysTick_Handler
 .text.putchar  0x000000000800040c       0x18 ./Src/uart.o
                0x000000000800040c                putchar
 .text._uart_tx_init
                0x0000000008000424       0x94 ./Src/uart.o
                0x0000000008000424                _uart_tx_init
 .text.uart_write
                0x00000000080004b8       0x28 ./Src/uart.o
 .text._compute_uart_bd
                0x00000000080004e0       0x26 ./Src/uart.o
 *fill*         0x0000000008000506        0x2 
 .text.uart_set_baudrate
                0x0000000008000508       0x28 ./Src/uart.o
 .text.Reset_Handler
                0x0000000008000530       0x50 ./Startup/startup_stm32f446retx.o
                0x0000000008000530                Reset_Handler
 .text.Default_Handler
                0x0000000008000580        0x2 ./Startup/startup_stm32f446retx.o
                0x0000000008000580                RTC_Alarm_IRQHandler
                0x0000000008000580                EXTI2_IRQHandler
                0x0000000008000580                TIM8_CC_IRQHandler
                0x0000000008000580                SPDIF_Rx_IRQHandler
                0x0000000008000580                DebugMon_Handler
                0x0000000008000580                SPI4_IRQHandler
                0x0000000008000580                TIM1_CC_IRQHandler
                0x0000000008000580                QuadSPI_IRQHandler
                0x0000000008000580                DMA2_Stream5_IRQHandler
                0x0000000008000580                HardFault_Handler
                0x0000000008000580                DMA1_Stream5_IRQHandler
                0x0000000008000580                PVD_IRQHandler
                0x0000000008000580                SDIO_IRQHandler
                0x0000000008000580                TAMP_STAMP_IRQHandler
                0x0000000008000580                PendSV_Handler
                0x0000000008000580                NMI_Handler
                0x0000000008000580                CAN2_RX1_IRQHandler
                0x0000000008000580                EXTI3_IRQHandler
                0x0000000008000580                TIM8_TRG_COM_TIM14_IRQHandler
                0x0000000008000580                TIM1_UP_TIM10_IRQHandler
                0x0000000008000580                FMPI2C1_error_IRQHandler
                0x0000000008000580                TIM8_UP_TIM13_IRQHandler
                0x0000000008000580                I2C3_ER_IRQHandler
                0x0000000008000580                EXTI0_IRQHandler
                0x0000000008000580                I2C2_EV_IRQHandler
                0x0000000008000580                DMA1_Stream2_IRQHandler
                0x0000000008000580                CAN1_RX0_IRQHandler
                0x0000000008000580                OTG_HS_WKUP_IRQHandler
                0x0000000008000580                UsageFault_Handler
                0x0000000008000580                CAN2_SCE_IRQHandler
                0x0000000008000580                DMA2_Stream2_IRQHandler
                0x0000000008000580                SPI1_IRQHandler
                0x0000000008000580                TIM6_DAC_IRQHandler
                0x0000000008000580                TIM1_BRK_TIM9_IRQHandler
                0x0000000008000580                DCMI_IRQHandler
                0x0000000008000580                CAN2_RX0_IRQHandler
                0x0000000008000580                DMA2_Stream3_IRQHandler
                0x0000000008000580                FMPI2C1_IRQHandler
                0x0000000008000580                SAI2_IRQHandler
                0x0000000008000580                USART6_IRQHandler
                0x0000000008000580                USART3_IRQHandler
                0x0000000008000580                CAN1_RX1_IRQHandler
                0x0000000008000580                UART5_IRQHandler
                0x0000000008000580                DMA2_Stream0_IRQHandler
                0x0000000008000580                TIM4_IRQHandler
                0x0000000008000580                I2C1_EV_IRQHandler
                0x0000000008000580                HDMI_CEC_IRQHandler
                0x0000000008000580                DMA1_Stream6_IRQHandler
                0x0000000008000580                DMA1_Stream1_IRQHandler
                0x0000000008000580                UART4_IRQHandler
                0x0000000008000580                TIM3_IRQHandler
                0x0000000008000580                RCC_IRQHandler
                0x0000000008000580                TIM8_BRK_TIM12_IRQHandler
                0x0000000008000580                Default_Handler
                0x0000000008000580                EXTI15_10_IRQHandler
                0x0000000008000580                ADC_IRQHandler
                0x0000000008000580                DMA1_Stream7_IRQHandler
                0x0000000008000580                TIM7_IRQHandler
                0x0000000008000580                CAN2_TX_IRQHandler
                0x0000000008000580                TIM5_IRQHandler
                0x0000000008000580                DMA2_Stream7_IRQHandler
                0x0000000008000580                I2C3_EV_IRQHandler
                0x0000000008000580                EXTI9_5_IRQHandler
                0x0000000008000580                RTC_WKUP_IRQHandler
                0x0000000008000580                SPI2_IRQHandler
                0x0000000008000580                OTG_HS_EP1_IN_IRQHandler
                0x0000000008000580                MemManage_Handler
                0x0000000008000580                DMA1_Stream0_IRQHandler
                0x0000000008000580                CAN1_TX_IRQHandler
                0x0000000008000580                SVC_Handler
                0x0000000008000580                EXTI4_IRQHandler
                0x0000000008000580                OTG_HS_EP1_OUT_IRQHandler
                0x0000000008000580                WWDG_IRQHandler
                0x0000000008000580                TIM2_IRQHandler
                0x0000000008000580                OTG_FS_WKUP_IRQHandler
                0x0000000008000580                TIM1_TRG_COM_TIM11_IRQHandler
                0x0000000008000580                OTG_HS_IRQHandler
                0x0000000008000580                EXTI1_IRQHandler
                0x0000000008000580                USART2_IRQHandler
                0x0000000008000580                I2C2_ER_IRQHandler
                0x0000000008000580                DMA2_Stream1_IRQHandler
                0x0000000008000580                CAN1_SCE_IRQHandler
                0x0000000008000580                FLASH_IRQHandler
                0x0000000008000580                DMA2_Stream4_IRQHandler
                0x0000000008000580                BusFault_Handler
                0x0000000008000580                USART1_IRQHandler
                0x0000000008000580                OTG_FS_IRQHandler
                0x0000000008000580                SPI3_IRQHandler
                0x0000000008000580                DMA1_Stream4_IRQHandler
                0x0000000008000580                I2C1_ER_IRQHandler
                0x0000000008000580                FMC_IRQHandler
                0x0000000008000580                DMA2_Stream6_IRQHandler
                0x0000000008000580                SAI1_IRQHandler
                0x0000000008000580                DMA1_Stream3_IRQHandler
 *fill*         0x0000000008000582        0x2 
 .text.__libc_init_array
                0x0000000008000584       0x48 /opt/st/stm32cubeide_1.14.0/plugins/com.st.stm32cube.ide.mcu.externaltools.gnu-tools-for-stm32.11.3.rel1.linux64_1.1.100.202309141235/tools/bin/../lib/gcc/arm-none-eabi/11.3.1/../../../../arm-none-eabi/lib/thumb/v7e-m+fp/hard/libc_nano.a(libc_a-init.o)
                0x0000000008000584                __libc_init_array
 *(.glue_7)
 .glue_7        0x00000000080005cc        0x0 linker stubs
 *(.glue_7t)
 .glue_7t       0x00000000080005cc        0x0 linker stubs
 *(.eh_frame)
 .eh_frame      0x00000000080005cc        0x0 /opt/st/stm32cubeide_1.14.0/plugins/com.st.stm32cube.ide.mcu.externaltools.gnu-tools-for-stm32.11.3.rel1.linux64_1.1.100.202309141235/tools/bin/../lib/gcc/arm-none-eabi/11.3.1/thumb/v7e-m+fp/hard/crtbegin.o
 *(.init)
 .init          0x00000000080005cc        0x4 /opt/st/stm32cubeide_1.14.0/plugins/com.st.stm32cube.ide.mcu.externaltools.gnu-tools-for-stm32.11.3.rel1.linux64_1.1.100.202309141235/tools/bin/../lib/gcc/arm-none-eabi/11.3.1/thumb/v7e-m+fp/hard/crti.o
                0x00000000080005cc                _init
 .init          0x00000000080005d0        0x8 /opt/st/stm32cubeide_1.14.0/plugins/com.st.stm32cube.ide.mcu.externaltools.gnu-tools-for-stm32.11.3.rel1.linux64_1.1.100.202309141235/tools/bin/../lib/gcc/arm-none-eabi/11.3.1/thumb/v7e-m+fp/hard/crtn.o
 *(.fini)
 .fini          0x00000000080005d8        0x4 /opt/st/stm32cubeide_1.14.0/plugins/com.st.stm32cube.ide.mcu.externaltools.gnu-tools-for-stm32.11.3.rel1.linux64_1.1.100.202309141235/tools/bin/../lib/gcc/arm-none-eabi/11.3.1/thumb/v7e-m+fp/hard/crti.o
                0x00000000080005d8                _fini
 .fini          0x00000000080005dc        0x8 /opt/st/stm32cubeide_1.14.0/plugins/com.st.stm32cube.ide.mcu.externaltools.gnu-tools-for-stm32.11.3.rel1.linux64_1.1.100.202309141235/tools/bin/../lib/gcc/arm-none-eabi/11.3.1/thumb/v7e-m+fp/hard/crtn.o
                0x00000000080005e4                . = ALIGN (0x4)
                0x00000000080005e4                _etext = .

.vfp11_veneer   0x00000000080005e4        0x0
 .vfp11_veneer  0x00000000080005e4        0x0 linker stubs

.v4_bx          0x00000000080005e4        0x0
 .v4_bx         0x00000000080005e4        0x0 linker stubs

.iplt           0x00000000080005e4        0x0
 .iplt          0x00000000080005e4        0x0 /opt/st/stm32cubeide_1.14.0/plugins/com.st.stm32cube.ide.mcu.externaltools.gnu-tools-for-stm32.11.3.rel1.linux64_1.1.100.202309141235/tools/bin/../lib/gcc/arm-none-eabi/11.3.1/thumb/v7e-m+fp/hard/crtbegin.o

.rel.dyn        0x00000000080005e4        0x0
 .rel.iplt      0x00000000080005e4        0x0 /opt/st/stm32cubeide_1.14.0/plugins/com.st.stm32cube.ide.mcu.externaltools.gnu-tools-for-stm32.11.3.rel1.linux64_1.1.100.202309141235/tools/bin/../lib/gcc/arm-none-eabi/11.3.1/thumb/v7e-m+fp/hard/crtbegin.o

.rodata         0x00000000080005e4        0x0
                0x00000000080005e4                . = ALIGN (0x4)
 *(.rodata)
 *(.rodata*)
                0x00000000080005e4                . = ALIGN (0x4)

.ARM.extab      0x00000000080005e4        0x0
                0x00000000080005e4                . = ALIGN (0x4)
 *(.ARM.extab* .gnu.linkonce.armextab.*)
                0x00000000080005e4                . = ALIGN (0x4)

.ARM            0x00000000080005e4        0x0
                0x00000000080005e4                . = ALIGN (0x4)
                0x00000000080005e4                __exidx_start = .
 *(.ARM.exidx*)
                0x00000000080005e4                __exidx_end = .
                0x00000000080005e4                . = ALIGN (0x4)

.preinit_array  0x00000000080005e4        0x0
                0x00000000080005e4                . = ALIGN (0x4)
                0x00000000080005e4                PROVIDE (__preinit_array_start = .)
 *(.preinit_array*)
                0x00000000080005e4                PROVIDE (__preinit_array_end = .)
                0x00000000080005e4                . = ALIGN (0x4)

.init_array     0x00000000080005e4        0x4
                0x00000000080005e4                . = ALIGN (0x4)
                0x00000000080005e4                PROVIDE (__init_array_start = .)
 *(SORT_BY_NAME(.init_array.*))
 *(.init_array*)
 .init_array    0x00000000080005e4        0x4 /opt/st/stm32cubeide_1.14.0/plugins/com.st.stm32cube.ide.mcu.externaltools.gnu-tools-for-stm32.11.3.rel1.linux64_1.1.100.202309141235/tools/bin/../lib/gcc/arm-none-eabi/11.3.1/thumb/v7e-m+fp/hard/crtbegin.o
                0x00000000080005e8                PROVIDE (__init_array_end = .)
                0x00000000080005e8                . = ALIGN (0x4)

.fini_array     0x00000000080005e8        0x4
                0x00000000080005e8                . = ALIGN (0x4)
                [!provide]                        PROVIDE (__fini_array_start = .)
 *(SORT_BY_NAME(.fini_array.*))
 *(.fini_array*)
 .fini_array    0x00000000080005e8        0x4 /opt/st/stm32cubeide_1.14.0/plugins/com.st.stm32cube.ide.mcu.externaltools.gnu-tools-for-stm32.11.3.rel1.linux64_1.1.100.202309141235/tools/bin/../lib/gcc/arm-none-eabi/11.3.1/thumb/v7e-m+fp/hard/crtbegin.o
                [!provide]                        PROVIDE (__fini_array_end = .)
                0x00000000080005ec                . = ALIGN (0x4)
                0x00000000080005ec                _sidata = LOADADDR (.data)

.data           0x0000000020000000        0x4 load address 0x00000000080005ec
                0x0000000020000000                . = ALIGN (0x4)
                0x0000000020000000                _sdata = .
 *(.data)
 *(.data*)
 .data.tick_freq
                0x0000000020000000        0x4 ./Src/timebase.o
                0x0000000020000000                tick_freq
 *(.RamFunc)
 *(.RamFunc*)
                0x0000000020000004                . = ALIGN (0x4)
                0x0000000020000004                _edata = .

.igot.plt       0x0000000020000004        0x0 load address 0x00000000080005f0
 .igot.plt      0x0000000020000004        0x0 /opt/st/stm32cubeide_1.14.0/plugins/com.st.stm32cube.ide.mcu.externaltools.gnu-tools-for-stm32.11.3.rel1.linux64_1.1.100.202309141235/tools/bin/../lib/gcc/arm-none-eabi/11.3.1/thumb/v7e-m+fp/hard/crtbegin.o
                0x0000000020000004                . = ALIGN (0x4)

.bss            0x0000000020000004       0x24 load address 0x00000000080005f0
                0x0000000020000004                _sbss = .
                0x0000000020000004                __bss_start__ = _sbss
 *(.bss)
 .bss           0x0000000020000004       0x1c /opt/st/stm32cubeide_1.14.0/plugins/com.st.stm32cube.ide.mcu.externaltools.gnu-tools-for-stm32.11.3.rel1.linux64_1.1.100.202309141235/tools/bin/../lib/gcc/arm-none-eabi/11.3.1/thumb/v7e-m+fp/hard/crtbegin.o
 *(.bss*)
 .bss.g_curr_tick
                0x0000000020000020        0x4 ./Src/timebase.o
                0x0000000020000020                g_curr_tick
 .bss.g_curr_tick_p
                0x0000000020000024        0x4 ./Src/timebase.o
                0x0000000020000024                g_curr_tick_p
 *(COMMON)
                0x0000000020000028                . = ALIGN (0x4)
                0x0000000020000028                _ebss = .
                0x0000000020000028                __bss_end__ = _ebss

._user_heap_stack
                0x0000000020000028      0x600 load address 0x00000000080005f0
                0x0000000020000028                . = ALIGN (0x8)
                [!provide]                        PROVIDE (end = .)
                0x0000000020000028                PROVIDE (_end = .)
                0x0000000020000228                . = (. + _Min_Heap_Size)
 *fill*         0x0000000020000028      0x200 
                0x0000000020000628                . = (. + _Min_Stack_Size)
 *fill*         0x0000000020000228      0x400 
                0x0000000020000628                . = ALIGN (0x8)

/DISCARD/
 libc.a(*)
 libm.a(*)
 libgcc.a(*)

.ARM.attributes
                0x0000000000000000       0x30
 *(.ARM.attributes)
 .ARM.attributes
                0x0000000000000000       0x1e /opt/st/stm32cubeide_1.14.0/plugins/com.st.stm32cube.ide.mcu.externaltools.gnu-tools-for-stm32.11.3.rel1.linux64_1.1.100.202309141235/tools/bin/../lib/gcc/arm-none-eabi/11.3.1/thumb/v7e-m+fp/hard/crti.o
 .ARM.attributes
                0x000000000000001e       0x34 /opt/st/stm32cubeide_1.14.0/plugins/com.st.stm32cube.ide.mcu.externaltools.gnu-tools-for-stm32.11.3.rel1.linux64_1.1.100.202309141235/tools/bin/../lib/gcc/arm-none-eabi/11.3.1/thumb/v7e-m+fp/hard/crtbegin.o
 .ARM.attributes
                0x0000000000000052       0x34 ./Src/main.o
 .ARM.attributes
                0x0000000000000086       0x34 ./Src/port.o
 .ARM.attributes
                0x00000000000000ba       0x34 ./Src/timebase.o
 .ARM.attributes
                0x00000000000000ee       0x34 ./Src/uart.o
 .ARM.attributes
                0x0000000000000122       0x21 ./Startup/startup_stm32f446retx.o
 .ARM.attributes
                0x0000000000000143       0x34 /opt/st/stm32cubeide_1.14.0/plugins/com.st.stm32cube.ide.mcu.externaltools.gnu-tools-for-stm32.11.3.rel1.linux64_1.1.100.202309141235/tools/bin/../lib/gcc/arm-none-eabi/11.3.1/../../../../arm-none-eabi/lib/thumb/v7e-m+fp/hard/libc_nano.a(libc_a-init.o)
 .ARM.attributes
                0x0000000000000177       0x1e /opt/st/stm32cubeide_1.14.0/plugins/com.st.stm32cube.ide.mcu.externaltools.gnu-tools-for-stm32.11.3.rel1.linux64_1.1.100.202309141235/tools/bin/../lib/gcc/arm-none-eabi/11.3.1/thumb/v7e-m+fp/hard/crtn.o
OUTPUT(4_Port_manipulation.elf elf32-littlearm)
LOAD linker stubs
LOAD /opt/st/stm32cubeide_1.14.0/plugins/com.st.stm32cube.ide.mcu.externaltools.gnu-tools-for-stm32.11.3.rel1.linux64_1.1.100.202309141235/tools/bin/../lib/gcc/arm-none-eabi/11.3.1/../../../../arm-none-eabi/lib/thumb/v7e-m+fp/hard/libc.a
LOAD /opt/st/stm32cubeide_1.14.0/plugins/com.st.stm32cube.ide.mcu.externaltools.gnu-tools-for-stm32.11.3.rel1.linux64_1.1.100.202309141235/tools/bin/../lib/gcc/arm-none-eabi/11.3.1/../../../../arm-none-eabi/lib/thumb/v7e-m+fp/hard/libm.a
LOAD /opt/st/stm32cubeide_1.14.0/plugins/com.st.stm32cube.ide.mcu.externaltools.gnu-tools-for-stm32.11.3.rel1.linux64_1.1.100.202309141235/tools/bin/../lib/gcc/arm-none-eabi/11.3.1/thumb/v7e-m+fp/hard/libgcc.a

.comment        0x0000000000000000       0x43
 .comment       0x0000000000000000       0x43 /opt/st/stm32cubeide_1.14.0/plugins/com.st.stm32cube.ide.mcu.externaltools.gnu-tools-for-stm32.11.3.rel1.linux64_1.1.100.202309141235/tools/bin/../lib/gcc/arm-none-eabi/11.3.1/thumb/v7e-m+fp/hard/crtbegin.o
                                         0x44 (size before relaxing)
 .comment       0x0000000000000043       0x44 ./Src/main.o
 .comment       0x0000000000000043       0x44 ./Src/port.o
 .comment       0x0000000000000043       0x44 ./Src/timebase.o
 .comment       0x0000000000000043       0x44 ./Src/uart.o

.debug_info     0x0000000000000000      0xa48
 .debug_info    0x0000000000000000      0x110 ./Src/main.o
 .debug_info    0x0000000000000110      0x30e ./Src/port.o
 .debug_info    0x000000000000041e      0x1e9 ./Src/timebase.o
 .debug_info    0x0000000000000607      0x41e ./Src/uart.o
 .debug_info    0x0000000000000a25       0x23 ./Startup/startup_stm32f446retx.o

.debug_abbrev   0x0000000000000000      0x458
 .debug_abbrev  0x0000000000000000       0xc3 ./Src/main.o
 .debug_abbrev  0x00000000000000c3       0xd1 ./Src/port.o
 .debug_abbrev  0x0000000000000194      0x170 ./Src/timebase.o
 .debug_abbrev  0x0000000000000304      0x142 ./Src/uart.o
 .debug_abbrev  0x0000000000000446       0x12 ./Startup/startup_stm32f446retx.o

.debug_aranges  0x0000000000000000       0xf8
 .debug_aranges
                0x0000000000000000       0x20 ./Src/main.o
 .debug_aranges
                0x0000000000000020       0x30 ./Src/port.o
 .debug_aranges
                0x0000000000000050       0x40 ./Src/timebase.o
 .debug_aranges
                0x0000000000000090       0x40 ./Src/uart.o
 .debug_aranges
                0x00000000000000d0       0x28 ./Startup/startup_stm32f446retx.o

.debug_rnglists
                0x0000000000000000       0xa2
 .debug_rnglists
                0x0000000000000000       0x13 ./Src/main.o
 .debug_rnglists
                0x0000000000000013       0x1f ./Src/port.o
 .debug_rnglists
                0x0000000000000032       0x2b ./Src/timebase.o
 .debug_rnglists
                0x000000000000005d       0x2c ./Src/uart.o
 .debug_rnglists
                0x0000000000000089       0x19 ./Startup/startup_stm32f446retx.o

.debug_macro    0x0000000000000000     0x1030
 .debug_macro   0x0000000000000000      0x1c9 ./Src/main.o
 .debug_macro   0x00000000000001c9       0x61 ./Src/main.o
 .debug_macro   0x000000000000022a       0x2a ./Src/main.o
 .debug_macro   0x0000000000000254       0x43 ./Src/main.o
 .debug_macro   0x0000000000000297       0x34 ./Src/main.o
 .debug_macro   0x00000000000002cb       0x16 ./Src/main.o
 .debug_macro   0x00000000000002e1       0x97 ./Src/main.o
 .debug_macro   0x0000000000000378      0x369 ./Src/main.o
 .debug_macro   0x00000000000006e1       0xfd ./Src/main.o
 .debug_macro   0x00000000000007de       0x10 ./Src/main.o
 .debug_macro   0x00000000000007ee       0x16 ./Src/main.o
 .debug_macro   0x0000000000000804       0x43 ./Src/main.o
 .debug_macro   0x0000000000000847       0x34 ./Src/main.o
 .debug_macro   0x000000000000087b       0x10 ./Src/main.o
 .debug_macro   0x000000000000088b       0x58 ./Src/main.o
 .debug_macro   0x00000000000008e3       0x8e ./Src/main.o
 .debug_macro   0x0000000000000971       0x1c ./Src/main.o
 .debug_macro   0x000000000000098d      0x177 ./Src/main.o
 .debug_macro   0x0000000000000b04       0x16 ./Src/main.o
 .debug_macro   0x0000000000000b1a       0x16 ./Src/main.o
 .debug_macro   0x0000000000000b30      0x147 ./Src/main.o
 .debug_macro   0x0000000000000c77       0xde ./Src/port.o
 .debug_macro   0x0000000000000d55      0x1d9 ./Src/timebase.o
 .debug_macro   0x0000000000000f2e      0x102 ./Src/uart.o

.debug_line     0x0000000000000000     0x17c0
 .debug_line    0x0000000000000000      0x644 ./Src/main.o
 .debug_line    0x0000000000000644      0x4eb ./Src/port.o
 .debug_line    0x0000000000000b2f      0x6d0 ./Src/timebase.o
 .debug_line    0x00000000000011ff      0x546 ./Src/uart.o
 .debug_line    0x0000000000001745       0x7b ./Startup/startup_stm32f446retx.o

.debug_str      0x0000000000000000    0x8ec7c
 .debug_str     0x0000000000000000    0x8e8d6 ./Src/main.o
                                      0x8ead5 (size before relaxing)
 .debug_str     0x000000000008e8d6      0x16c ./Src/port.o
                                      0x8b182 (size before relaxing)
 .debug_str     0x000000000008ea42      0x12f ./Src/timebase.o
                                      0x8ebb7 (size before relaxing)
 .debug_str     0x000000000008eb71       0xdc ./Src/uart.o
                                      0x8b258 (size before relaxing)
 .debug_str     0x000000000008ec4d       0x2f ./Startup/startup_stm32f446retx.o
                                         0x74 (size before relaxing)

.debug_frame    0x0000000000000000      0x240
 .debug_frame   0x0000000000000000       0x30 ./Src/main.o
 .debug_frame   0x0000000000000030       0x70 ./Src/port.o
 .debug_frame   0x00000000000000a0       0xb0 ./Src/timebase.o
 .debug_frame   0x0000000000000150       0xc4 ./Src/uart.o
 .debug_frame   0x0000000000000214       0x2c /opt/st/stm32cubeide_1.14.0/plugins/com.st.stm32cube.ide.mcu.externaltools.gnu-tools-for-stm32.11.3.rel1.linux64_1.1.100.202309141235/tools/bin/../lib/gcc/arm-none-eabi/11.3.1/../../../../arm-none-eabi/lib/thumb/v7e-m+fp/hard/libc_nano.a(libc_a-init.o)

.debug_line_str
                0x0000000000000000       0x68
 .debug_line_str
                0x0000000000000000       0x68 ./Startup/startup_stm32f446retx.o
                                         0x80 (size before relaxing)
