18:48:10 **** Incremental Build of configuration Debug for project 0_led_driver ****
make -j8 all 
arm-none-eabi-gcc "../Src/main.c" -mcpu=cortex-m4 -std=gnu11 -g3 -DSTM32F446xx -c -I../Inc -I"/home/bhakti/STM32CubeIDE/workspace_1.14.0/0_led_driver/chip headers/Drivers/CMSIS/Include" -I"/home/bhakti/STM32CubeIDE/workspace_1.14.0/0_led_driver/chip headers/Drivers/CMSIS/Device/ST/STM32F4xx/Include" -O0 -ffunction-sections -fdata-sections -Wall -fstack-usage -fcyclomatic-complexity -MMD -MP -MF"Src/main.d" -MT"Src/main.o" --specs=nano.specs -mfpu=fpv4-sp-d16 -mfloat-abi=hard -mthumb -o "Src/main.o"
arm-none-eabi-gcc -o "0_led_driver.elf" @"objects.list"   -mcpu=cortex-m4 -T"/home/bhakti/STM32CubeIDE/workspace_1.14.0/0_led_driver/STM32F446RETX_FLASH.ld" --specs=nosys.specs -Wl,-Map="0_led_driver.map" -Wl,--gc-sections -static --specs=nano.specs -mfpu=fpv4-sp-d16 -mfloat-abi=hard -mthumb -Wl,--start-group -lc -lm -Wl,--end-group
Finished building target: 0_led_driver.elf
 
arm-none-eabi-size  0_led_driver.elf 
arm-none-eabi-objdump -h -S 0_led_driver.elf  > "0_led_driver.list"
   text	   data	    bss	    dec	    hex	filename
   1112	      8	   1568	   2688	    a80	0_led_driver.elf
Finished building: default.size.stdout
 
Finished building: 0_led_driver.list
 

18:48:10 Build Finished. 0 errors, 0 warnings. (took 329ms)

