19:00:29 **** Incremental Build of configuration Debug for project 2_uart_driver ****
make -j8 all 
arm-none-eabi-gcc "../Src/main.c" -mcpu=cortex-m4 -std=gnu11 -g3 -DSTM32F446xx -c -I../Inc -I"/home/bhakti/STM32CubeIDE/workspace_1.14.0/0_led_driver/chip headers/Drivers/CMSIS/Include" -I"/home/bhakti/STM32CubeIDE/workspace_1.14.0/0_led_driver/chip headers/Drivers/CMSIS/Device/ST/STM32F4xx/Include" -O0 -ffunction-sections -fdata-sections -Wall -fstack-usage -fcyclomatic-complexity -MMD -MP -MF"Src/main.d" -MT"Src/main.o" --specs=nano.specs -mfpu=fpv4-sp-d16 -mfloat-abi=hard -mthumb -o "Src/main.o"
../Src/main.c: In function 'main':
../Src/main.c:7:9: warning: implicit declaration of function 'clock_config' [-Wimplicit-function-declaration]
    7 |         clock_config();
      |         ^~~~~~~~~~~~
arm-none-eabi-gcc -o "2_uart_driver.elf" @"objects.list"   -mcpu=cortex-m4 -T"/home/bhakti/STM32CubeIDE/workspace_1.14.0/2_uart_driver/STM32F446RETX_FLASH.ld" --specs=nosys.specs -Wl,-Map="2_uart_driver.map" -Wl,--gc-sections -static --specs=nano.specs -mfpu=fpv4-sp-d16 -mfloat-abi=hard -mthumb -Wl,--start-group -lc -lm -Wl,--end-group
Finished building target: 2_uart_driver.elf
 
arm-none-eabi-size  2_uart_driver.elf 
arm-none-eabi-objdump -h -S 2_uart_driver.elf  > "2_uart_driver.list"
   text	   data	    bss	    dec	    hex	filename
   1324	      8	   1568	   2900	    b54	2_uart_driver.elf
Finished building: default.size.stdout
 
Finished building: 2_uart_driver.list
 

19:00:29 Build Finished. 0 errors, 1 warnings. (took 328ms)

